Product: MDK-ARM Professional 5.10
Component: ARM Compiler 5.04 update 1 (build 49)
Tool: armlink [5040049]

==============================================================================

Section Cross References

    retarget.o(.text) refers to serial.o(.text) for send_char
    startup.o(RESET) refers to swi_interrup.o(SWI_Area) for T_SWI_Handler
    startup.o(RESET) refers to startup.o(STACK) for Stack_Top
    startup.o(RESET) refers to entry.o(.ARM.Collect$$$$00000000) for __main
    lcd_4bit.o(.text) refers to lcd_4bit.o(.constdata) for UserFont
    serial.o(.text) refers to main.o(.text) for BSP_onKeyboardInput
    serial.o(.text) refers to serial.o(.data) for keystroke
    adwheel.o(.text) refers to adwheel.o(.data) for ad_evt
    adwheel.o(.text) refers to main.o(.bss) for l_CoffeeAO
    timer.o(.text) refers to qf_tick.o(.text) for QF_tickX_
    button.o(.text) refers to main.o(.bss) for l_CoffeeAO
    button.o(.text) refers to button.o(.data) for event
    lc2378rtc.o(.text) refers to lc2378rtc.o(.data) for rtc_update
    qfsm_dis.o(.text) refers to qmbsp.o(.text) for Q_onAssert
    qfsm_dis.o(.text) refers to qfsm_dis.o(.constdata) for Q_this_module_
    qfsm_dis.o(.text) refers to qep.o(.constdata) for QEP_reservedEvt_
    qfsm_ini.o(.text) refers to qmbsp.o(.text) for Q_onAssert
    qfsm_ini.o(.text) refers to qfsm_ini.o(.constdata) for vtbl
    qfsm_ini.o(.text) refers to qep.o(.constdata) for QEP_reservedEvt_
    qfsm_ini.o(.constdata) refers to qfsm_ini.o(.text) for QFsm_init_
    qfsm_ini.o(.constdata) refers to qfsm_dis.o(.text) for QFsm_dispatch_
    qhsm_dis.o(.text) refers to qmbsp.o(.text) for Q_onAssert
    qhsm_dis.o(.text) refers to qep.o(.constdata) for QEP_reservedEvt_
    qhsm_dis.o(.text) refers to qhsm_dis.o(.constdata) for Q_this_module_
    qhsm_in.o(.text) refers to qmbsp.o(.text) for Q_onAssert
    qhsm_in.o(.text) refers to qhsm_in.o(.constdata) for Q_this_module_
    qhsm_in.o(.text) refers to qep.o(.constdata) for QEP_reservedEvt_
    qhsm_ini.o(.text) refers to qmbsp.o(.text) for Q_onAssert
    qhsm_ini.o(.text) refers to qhsm_ini.o(.constdata) for vtbl
    qhsm_ini.o(.text) refers to qhsm_top.o(.text) for QHsm_top
    qhsm_ini.o(.text) refers to qep.o(.constdata) for QEP_reservedEvt_
    qhsm_ini.o(.constdata) refers to qhsm_ini.o(.text) for QHsm_init_
    qhsm_ini.o(.constdata) refers to qhsm_dis.o(.text) for QHsm_dispatch_
    qmsm_dis.o(.text) refers to qmbsp.o(.text) for Q_onAssert
    qmsm_dis.o(.text) refers to qmsm_dis.o(.constdata) for Q_this_module_
    qmsm_ini.o(.text) refers to qmbsp.o(.text) for Q_onAssert
    qmsm_ini.o(.text) refers to qmsm_dis.o(.text) for QMsm_execTatbl_
    qmsm_ini.o(.text) refers to qmsm_ini.o(.constdata) for vtbl
    qmsm_ini.o(.constdata) refers to qmsm_ini.o(.text) for QMsm_init_
    qmsm_ini.o(.constdata) refers to qmsm_dis.o(.text) for QMsm_dispatch_
    qa_ctor.o(.text) refers to qhsm_ini.o(.text) for QHsm_ctor
    qa_ctor.o(.text) refers to qa_ctor.o(.constdata) for vtbl
    qa_ctor.o(.constdata) refers to qhsm_ini.o(.text) for QHsm_init_
    qa_ctor.o(.constdata) refers to qhsm_dis.o(.text) for QHsm_dispatch_
    qa_ctor.o(.constdata) refers to qvanilla.o(.text) for QActive_start_
    qa_ctor.o(.constdata) refers to qa_fifo.o(.text) for QActive_post_
    qa_ctor.o(.constdata) refers to qa_lifo.o(.text) for QActive_postLIFO_
    qa_defer.o(.text) refers to qeq_fifo.o(.text) for QEQueue_post
    qa_defer.o(.text) refers to qeq_get.o(.text) for QEQueue_get
    qa_defer.o(.text) refers to qmbsp.o(.text) for Q_onAssert
    qa_defer.o(.text) refers to qa_defer.o(.constdata) for Q_this_module_
    qa_fifo.o(.text) refers to qmbsp.o(.text) for Q_onAssert
    qa_fifo.o(.text) refers to qf_gc.o(.text) for QF_gc
    qa_fifo.o(.text) refers to qa_fifo.o(.constdata) for Q_this_module_
    qa_fifo.o(.text) refers to qvanilla.o(.data) for QF_readySet_
    qa_fifo.o(.text) refers to qf_pwr2.o(.constdata) for QF_pwr2Lkup
    qa_get_.o(.text) refers to qmbsp.o(.text) for Q_onAssert
    qa_get_.o(.text) refers to qa_get_.o(.constdata) for Q_this_module_
    qa_get_.o(.text) refers to qvanilla.o(.data) for QF_readySet_
    qa_get_.o(.text) refers to qf_pwr2.o(.constdata) for QF_invPwr2Lkup
    qa_get_.o(.text) refers to qf_act.o(.bss) for QF_active_
    qa_lifo.o(.text) refers to qmbsp.o(.text) for Q_onAssert
    qa_lifo.o(.text) refers to qa_lifo.o(.constdata) for Q_this_module_
    qa_lifo.o(.text) refers to qvanilla.o(.data) for QF_readySet_
    qa_lifo.o(.text) refers to qf_pwr2.o(.constdata) for QF_pwr2Lkup
    qa_sub.o(.text) refers to qmbsp.o(.text) for Q_onAssert
    qa_sub.o(.text) refers to qf_pwr2.o(.constdata) for QF_div8Lkup
    qa_sub.o(.text) refers to qf_psini.o(.data) for QF_maxSignal_
    qa_sub.o(.text) refers to qf_act.o(.bss) for QF_active_
    qa_sub.o(.text) refers to qa_sub.o(.constdata) for Q_this_module_
    qa_usub.o(.text) refers to qmbsp.o(.text) for Q_onAssert
[...]
    qa_usuba.o(.text) refers to qa_usuba.o(.constdata) for Q_this_module_
    qa_usuba.o(.text) refers to qf_pwr2.o(.constdata) for QF_div8Lkup
    qa_usuba.o(.text) refers to qf_psini.o(.data) for QF_subscrList_
    qeq_fifo.o(.text) refers to qmbsp.o(.text) for Q_onAssert
    qeq_fifo.o(.text) refers to qeq_fifo.o(.constdata) for Q_this_module_
    qeq_get.o(.text) refers to qmbsp.o(.text) for Q_onAssert
    qeq_get.o(.text) refers to qeq_get.o(.constdata) for Q_this_module_
    qeq_lifo.o(.text) refers to qmbsp.o(.text) for Q_onAssert
    qeq_lifo.o(.text) refers to qeq_lifo.o(.constdata) for Q_this_module_
    qf_act.o(.text) refers to qmbsp.o(.text) for Q_onAssert
    qf_act.o(.text) refers to qf_act.o(.bss) for QF_active_
    qf_act.o(.text) refers to qf_act.o(.constdata) for Q_this_module_
    qf_gc.o(.text) refers to qmbsp.o(.text) for Q_onAssert
    qf_gc.o(.text) refers to qmp_put.o(.text) for QMPool_put
    qf_gc.o(.text) refers to qf_pool.o(.data) for QF_maxPool_
    qf_gc.o(.text) refers to qf_gc.o(.constdata) for Q_this_module_
    qf_gc.o(.text) refers to qf_pool.o(.bss) for QF_pool_
    qf_new.o(.text) refers to qmbsp.o(.text) for Q_onAssert
    qf_new.o(.text) refers to qmp_get.o(.text) for QMPool_get
    qf_new.o(.text) refers to qf_pool.o(.bss) for QF_pool_
    qf_new.o(.text) refers to qf_pool.o(.data) for QF_maxPool_
    qf_new.o(.text) refers to qf_new.o(.constdata) for Q_this_module_
    qf_pool.o(.text) refers to qmbsp.o(.text) for Q_onAssert
    qf_pool.o(.text) refers to qmp_init.o(.text) for QMPool_init
    qf_pool.o(.text) refers to qf_pool.o(.data) for QF_maxPool_
    qf_pool.o(.text) refers to qf_pool.o(.constdata) for Q_this_module_
    qf_pool.o(.text) refers to qf_pool.o(.bss) for QF_pool_
    qf_psini.o(.text) refers to qf_act.o(.text) for QF_bzero
    qf_psini.o(.text) refers to qf_psini.o(.data) for QF_subscrList_
    qf_pspub.o(.text) refers to qmbsp.o(.text) for Q_onAssert
    qf_pspub.o(.text) refers to qf_gc.o(.text) for QF_gc
    qf_pspub.o(.text) refers to qf_psini.o(.data) for QF_maxSignal_
    qf_pspub.o(.text) refers to qf_pspub.o(.constdata) for Q_this_module_
    qf_pspub.o(.text) refers to qf_log2.o(.constdata) for QF_log2Lkup
    qf_pspub.o(.text) refers to qf_pwr2.o(.constdata) for QF_invPwr2Lkup
    qf_pspub.o(.text) refers to qf_act.o(.bss) for QF_active_
    qf_tick.o(.text) refers to qmbsp.o(.text) for Q_onAssert
    qf_tick.o(.text) refers to qf_tick.o(.bss) for QF_timeEvtHead_
    qf_tick.o(.text) refers to qf_tick.o(.constdata) for Q_this_module_
    qma_ctor.o(.text) refers to qmsm_ini.o(.text) for QMsm_ctor
    qma_ctor.o(.text) refers to qma_ctor.o(.constdata) for vtbl
    qma_ctor.o(.constdata) refers to qmsm_ini.o(.text) for QMsm_init_
    qma_ctor.o(.constdata) refers to qmsm_dis.o(.text) for QMsm_dispatch_
    qma_ctor.o(.constdata) refers to qvanilla.o(.text) for QActive_start_
    qma_ctor.o(.constdata) refers to qa_fifo.o(.text) for QActive_post_
    qma_ctor.o(.constdata) refers to qa_lifo.o(.text) for QActive_postLIFO_
    qmp_get.o(.text) refers to qmbsp.o(.text) for Q_onAssert
    qmp_get.o(.text) refers to qmp_get.o(.constdata) for Q_this_module_
    qmp_get.o(.text) refers to qf_pool.o(.data) for QF_maxPool_
    qmp_get.o(.text) refers to qf_pool.o(.bss) for QF_pool_
    qmp_init.o(.text) refers to qmbsp.o(.text) for Q_onAssert
    qmp_init.o(.text) refers to qmp_init.o(.constdata) for Q_this_module_
    qmp_put.o(.text) refers to qmbsp.o(.text) for Q_onAssert
    qmp_put.o(.text) refers to qmp_put.o(.constdata) for Q_this_module_
    qte_arm.o(.text) refers to qmbsp.o(.text) for Q_onAssert
    qte_arm.o(.text) refers to qte_arm.o(.constdata) for Q_this_module_
    qte_arm.o(.text) refers to qf_tick.o(.bss) for QF_timeEvtHead_
    qte_ctor.o(.text) refers to qmbsp.o(.text) for Q_onAssert
    qte_ctor.o(.text) refers to qte_ctor.o(.constdata) for Q_this_module_
    qte_rarm.o(.text) refers to qmbsp.o(.text) for Q_onAssert
    qte_rarm.o(.text) refers to qte_rarm.o(.constdata) for Q_this_module_
    qte_rarm.o(.text) refers to qf_tick.o(.bss) for QF_timeEvtHead_
    qvanilla.o(.text) refers to qf_act.o(.text) for QF_bzero
    qvanilla.o(.text) refers to qmbsp.o(.text) for QF_onCleanup
    qvanilla.o(.text) refers to qa_get_.o(.text) for QActive_get_
    qvanilla.o(.text) refers to qf_gc.o(.text) for QF_gc
    qvanilla.o(.text) refers to qeq_init.o(.text) for QEQueue_init
    qvanilla.o(.text) refers to qf_pool.o(.data) for QF_maxPool_
    qvanilla.o(.text) refers to qvanilla.o(.data) for QF_readySet_
    qvanilla.o(.text) refers to qf_tick.o(.bss) for QF_timeEvtHead_
    qvanilla.o(.text) refers to qf_act.o(.bss) for QF_active_
    qvanilla.o(.text) refers to qf_log2.o(.constdata) for QF_log2Lkup
    qvanilla.o(.text) refers to qvanilla.o(.constdata) for Q_this_module_
    coffee.o(.text) refers to printf8.o(i.__0printf$8) for __2printf
    coffee.o(.text) refers to lcd_4bit.o(.text) for lcd_clear
    coffee.o(.text) refers to led.o(.text) for LED_On
    coffee.o(.text) refers to qf_new.o(.text) for QF_newX_
    coffee.o(.text) refers to main.o(.bss) for l_CoffeeAO
    coffee.o(.text) refers to qhsm_top.o(.text) for QHsm_top
    coffee.o(.text) refers to idiv.o(.text) for __aeabi_idivmod
    coffee.o(.text) refers to printf8.o(i.__0sprintf$8) for __2sprintf
    coffee.o(.text) refers to strcpy.o(.text) for strcpy
    coffee.o(.text) refers to qa_ctor.o(.text) for QActive_ctor
    coffee.o(.text) refers to alarm.o(.text) for Alarm_ctor
    coffee.o(.text) refers to qte_ctor.o(.text) for QTimeEvt_ctorX
    coffee.o(.text) refers to coffee.o(.data) for menu_entries
    alarm.o(.text) refers to idiv.o(.text) for __aeabi_idivmod
    alarm.o(.text) refers to printf8.o(i.__0printf$8) for __2printf
    alarm.o(.text) refers to qf_new.o(.text) for QF_newX_
    alarm.o(.text) refers to retarget.o(.data) for __stdout
    alarm.o(.text) refers to main.o(.data) for APP_alarmClock
    alarm.o(.text) refers to qfsm_ini.o(.text) for QFsm_ctor
    main.o(.text) refers to qmbsp.o(.text) for BSP_Init
    main.o(.text) refers to printf8.o(i.__0printf$8) for __2printf
    main.o(.text) refers to qvanilla.o(.text) for QF_init
    main.o(.text) refers to qf_pool.o(.text) for QF_poolInit
    main.o(.text) refers to coffee.o(.text) for CoffeeAO_ctor
    main.o(.text) refers to qf_new.o(.text) for QF_newX_
    main.o(.text) refers to main.o(.conststring) for .conststring
    main.o(.text) refers to main.o(.bss) for l_smlPoolSto
    main.o(.data) refers to main.o(.bss) for l_CoffeeAO
    qmbsp.o(.text) refers to timer.o(.text) for Timer0_Init
    qmbsp.o(.text) refers to adwheel.o(.text) for AD_Wheel_Init
    qmbsp.o(.text) refers to button.o(.text) for Button_Init
    qmbsp.o(.text) refers to led.o(.text) for LED_Init
    qmbsp.o(.text) refers to serial.o(.text) for uart_init_0
    qmbsp.o(.text) refers to lcd_4bit.o(.text) for lcd_init
    qmbsp.o(.text) refers to printf8.o(i.__0printf$8) for __2printf
    qmbsp.o(.text) refers to retarget.o(.text) for _sys_exit
    qmbsp.o(.text) refers to retarget.o(.data) for __stdout
    entry.o(.ARM.Collect$$$$00000000) refers (Special) to entry10a.o(.ARM.Collect$$$$0000000D) for __rt_final_cpp
    entry.o(.ARM.Collect$$$$00000000) refers (Special) to entry11a.o(.ARM.Collect$$$$0000000F) for __rt_final_exit
    entry.o(.ARM.Collect$$$$00000000) refers (Special) to entry7b.o(.ARM.Collect$$$$00000008) for _main_clock
    entry.o(.ARM.Collect$$$$00000000) refers (Special) to entry8b.o(.ARM.Collect$$$$0000000A) for _main_cpp_init
    entry.o(.ARM.Collect$$$$00000000) refers (Special) to entry9a.o(.ARM.Collect$$$$0000000B) for _main_init
    entry.o(.ARM.Collect$$$$00000000) refers (Special) to entry5.o(.ARM.Collect$$$$00000004) for _main_scatterload
    entry.o(.ARM.Collect$$$$00000000) refers (Special) to entry2.o(.ARM.Collect$$$$00000001) for _main_stk
    idiv.o(.text) refers to uidiv.o(.text) for __aeabi_uidivmod
    printfb.o(i.__0fprintf$bare) refers to printfb.o(i._printf_core) for _printf_core
    printfb.o(i.__0fprintf$bare) refers to retarget.o(.text) for fputc
    printfb.o(i.__0printf$bare) refers to printfb.o(i._printf_core) for _printf_core
    printfb.o(i.__0printf$bare) refers to retarget.o(.text) for fputc
    printfb.o(i.__0printf$bare) refers to retarget.o(.data) for __stdout
    printfb.o(i.__0snprintf$bare) refers to printfb.o(i._printf_core) for _printf_core
    printfb.o(i.__0snprintf$bare) refers to printfb.o(i._snputc) for _snputc
    printfb.o(i.__0sprintf$bare) refers to printfb.o(i._printf_core) for _printf_core
    printfb.o(i.__0sprintf$bare) refers to printfb.o(i._sputc) for _sputc
    printfb.o(i.__0vfprintf$bare) refers to printfb.o(i._printf_core) for _printf_core
    printfb.o(i.__0vfprintf$bare) refers to retarget.o(.text) for fputc
    printfb.o(i.__0vprintf$bare) refers to printfb.o(i._printf_core) for _printf_core
    printfb.o(i.__0vprintf$bare) refers to retarget.o(.text) for fputc
    printfb.o(i.__0vprintf$bare) refers to retarget.o(.data) for __stdout
    printfb.o(i.__0vsnprintf$bare) refers to printfb.o(i._printf_core) for _printf_core
    printfb.o(i.__0vsnprintf$bare) refers to printfb.o(i._snputc) for _snputc
    printfb.o(i.__0vsprintf$bare) refers to printfb.o(i._printf_core) for _printf_core
    printfb.o(i.__0vsprintf$bare) refers to printfb.o(i._sputc) for _sputc
    printfb.o(i._printf_core) refers to printfb.o(i.__ARM_common_call_via_r6) for __ARM_common_call_via_r6
    printf0.o(i.__0fprintf$0) refers to printf0.o(i._printf_core) for _printf_core
    printf0.o(i.__0fprintf$0) refers to retarget.o(.text) for fputc
    printf0.o(i.__0printf$0) refers to printf0.o(i._printf_core) for _printf_core
    printf0.o(i.__0printf$0) refers to retarget.o(.text) for fputc
    printf0.o(i.__0printf$0) refers to retarget.o(.data) for __stdout
    printf0.o(i.__0snprintf$0) refers to printf0.o(i._printf_core) for _printf_core
    printf0.o(i.__0snprintf$0) refers to printf0.o(i._snputc) for _snputc
    printf0.o(i.__0sprintf$0) refers to printf0.o(i._printf_core) for _printf_core
    printf0.o(i.__0sprintf$0) refers to printf0.o(i._sputc) for _sputc
    printf0.o(i.__0vfprintf$0) refers to printf0.o(i._printf_core) for _printf_core
    printf0.o(i.__0vfprintf$0) refers to retarget.o(.text) for fputc
    printf0.o(i.__0vprintf$0) refers to printf0.o(i._printf_core) for _printf_core
    printf0.o(i.__0vprintf$0) refers to retarget.o(.text) for fputc
    printf0.o(i.__0vprintf$0) refers to retarget.o(.data) for __stdout
    printf0.o(i.__0vsnprintf$0) refers to printf0.o(i._printf_core) for _printf_core
    printf0.o(i.__0vsnprintf$0) refers to printf0.o(i._snputc) for _snputc
    printf0.o(i.__0vsprintf$0) refers to printf0.o(i._printf_core) for _printf_core
    printf0.o(i.__0vsprintf$0) refers to printf0.o(i._sputc) for _sputc
    printf0.o(i._printf_core) refers to printfb.o(i.__ARM_common_call_via_r6) for __ARM_common_call_via_r6
    printf1.o(i.__0fprintf$1) refers to printf1.o(i._printf_core) for _printf_core
    printf1.o(i.__0fprintf$1) refers to retarget.o(.text) for fputc
    printf1.o(i.__0printf$1) refers to printf1.o(i._printf_core) for _printf_core
    printf1.o(i.__0printf$1) refers to retarget.o(.text) for fputc
    printf1.o(i.__0printf$1) refers to retarget.o(.data) for __stdout
    printf1.o(i.__0snprintf$1) refers to printf1.o(i._printf_core) for _printf_core
    printf1.o(i.__0snprintf$1) refers to printf1.o(i._snputc) for _snputc
    printf1.o(i.__0sprintf$1) refers to printf1.o(i._printf_core) for _printf_core
    printf1.o(i.__0sprintf$1) refers to printf1.o(i._sputc) for _sputc
    printf1.o(i.__0vfprintf$1) refers to printf1.o(i._printf_core) for _printf_core
    printf1.o(i.__0vfprintf$1) refers to retarget.o(.text) for fputc
    printf1.o(i.__0vprintf$1) refers to printf1.o(i._printf_core) for _printf_core
    printf1.o(i.__0vprintf$1) refers to retarget.o(.text) for fputc
    printf1.o(i.__0vprintf$1) refers to retarget.o(.data) for __stdout
    printf1.o(i.__0vsnprintf$1) refers to printf1.o(i._printf_core) for _printf_core
    printf1.o(i.__0vsnprintf$1) refers to printf1.o(i._snputc) for _snputc
    printf1.o(i.__0vsprintf$1) refers to printf1.o(i._printf_core) for _printf_core
    printf1.o(i.__0vsprintf$1) refers to printf1.o(i._sputc) for _sputc
    printf1.o(i._printf_core) refers to printf1.o(i.__ARM_common_call_via_r2) for __ARM_common_call_via_r2
    printf1.o(i._printf_core) refers to uidiv.o(.text) for __aeabi_uidivmod
    printf2.o(i.__0fprintf$2) refers to printf2.o(i._printf_core) for _printf_core
    printf2.o(i.__0fprintf$2) refers to retarget.o(.text) for fputc
    printf2.o(i.__0printf$2) refers to printf2.o(i._printf_core) for _printf_core
    printf2.o(i.__0printf$2) refers to retarget.o(.text) for fputc
    printf2.o(i.__0printf$2) refers to retarget.o(.data) for __stdout
    printf2.o(i.__0snprintf$2) refers to printf2.o(i._printf_core) for _printf_core
    printf2.o(i.__0snprintf$2) refers to printf2.o(i._snputc) for _snputc
    printf2.o(i.__0sprintf$2) refers to printf2.o(i._printf_core) for _printf_core
    printf2.o(i.__0sprintf$2) refers to printf2.o(i._sputc) for _sputc
    printf2.o(i.__0vfprintf$2) refers to printf2.o(i._printf_core) for _printf_core
    printf2.o(i.__0vfprintf$2) refers to retarget.o(.text) for fputc
    printf2.o(i.__0vprintf$2) refers to printf2.o(i._printf_core) for _printf_core
    printf2.o(i.__0vprintf$2) refers to retarget.o(.text) for fputc
    printf2.o(i.__0vprintf$2) refers to retarget.o(.data) for __stdout
    printf2.o(i.__0vsnprintf$2) refers to printf2.o(i._printf_core) for _printf_core
    printf2.o(i.__0vsnprintf$2) refers to printf2.o(i._snputc) for _snputc
    printf2.o(i.__0vsprintf$2) refers to printf2.o(i._printf_core) for _printf_core
    printf2.o(i.__0vsprintf$2) refers to printf2.o(i._sputc) for _sputc
    printf2.o(i._printf_core) refers to printf1.o(i.__ARM_common_call_via_r2) for __ARM_common_call_via_r2
    printf3.o(i.__0fprintf$3) refers to printf3.o(i._printf_core) for _printf_core
    printf3.o(i.__0fprintf$3) refers to retarget.o(.text) for fputc
    printf3.o(i.__0printf$3) refers to printf3.o(i._printf_core) for _printf_core
    printf3.o(i.__0printf$3) refers to retarget.o(.text) for fputc
    printf3.o(i.__0printf$3) refers to retarget.o(.data) for __stdout
    printf3.o(i.__0snprintf$3) refers to printf3.o(i._printf_core) for _printf_core
    printf3.o(i.__0snprintf$3) refers to printf3.o(i._snputc) for _snputc
    printf3.o(i.__0sprintf$3) refers to printf3.o(i._printf_core) for _printf_core
    printf3.o(i.__0sprintf$3) refers to printf3.o(i._sputc) for _sputc
    printf3.o(i.__0vfprintf$3) refers to printf3.o(i._printf_core) for _printf_core
    printf3.o(i.__0vfprintf$3) refers to retarget.o(.text) for fputc
    printf3.o(i.__0vprintf$3) refers to printf3.o(i._printf_core) for _printf_core
    printf3.o(i.__0vprintf$3) refers to retarget.o(.text) for fputc
    printf3.o(i.__0vprintf$3) refers to retarget.o(.data) for __stdout
    printf3.o(i.__0vsnprintf$3) refers to printf3.o(i._printf_core) for _printf_core
    printf3.o(i.__0vsnprintf$3) refers to printf3.o(i._snputc) for _snputc
    printf3.o(i.__0vsprintf$3) refers to printf3.o(i._printf_core) for _printf_core
    printf3.o(i.__0vsprintf$3) refers to printf3.o(i._sputc) for _sputc
    printf3.o(i._printf_core) refers to printf1.o(i.__ARM_common_call_via_r2) for __ARM_common_call_via_r2
    printf3.o(i._printf_core) refers to uidiv.o(.text) for __aeabi_uidivmod
    printf4.o(i.__0fprintf$4) refers to printf4.o(i._printf_core) for _printf_core
    printf4.o(i.__0fprintf$4) refers to retarget.o(.text) for fputc
    printf4.o(i.__0printf$4) refers to printf4.o(i._printf_core) for _printf_core
    printf4.o(i.__0printf$4) refers to retarget.o(.text) for fputc
    printf4.o(i.__0printf$4) refers to retarget.o(.data) for __stdout
    printf4.o(i.__0snprintf$4) refers to printf4.o(i._printf_core) for _printf_core
    printf4.o(i.__0snprintf$4) refers to printf4.o(i._snputc) for _snputc
    printf4.o(i.__0sprintf$4) refers to printf4.o(i._printf_core) for _printf_core
    printf4.o(i.__0sprintf$4) refers to printf4.o(i._sputc) for _sputc
    printf4.o(i.__0vfprintf$4) refers to printf4.o(i._printf_core) for _printf_core
    printf4.o(i.__0vfprintf$4) refers to retarget.o(.text) for fputc
    printf4.o(i.__0vprintf$4) refers to printf4.o(i._printf_core) for _printf_core
    printf4.o(i.__0vprintf$4) refers to retarget.o(.text) for fputc
    printf4.o(i.__0vprintf$4) refers to retarget.o(.data) for __stdout
    printf4.o(i.__0vsnprintf$4) refers to printf4.o(i._printf_core) for _printf_core
    printf4.o(i.__0vsnprintf$4) refers to printf4.o(i._snputc) for _snputc
    printf4.o(i.__0vsprintf$4) refers to printf4.o(i._printf_core) for _printf_core
    printf4.o(i.__0vsprintf$4) refers to printf4.o(i._sputc) for _sputc
    printf4.o(i._printf_core) refers to printf1.o(i.__ARM_common_call_via_r2) for __ARM_common_call_via_r2
    printf4.o(i._printf_core) refers to uldiv.o(.text) for __aeabi_uldivmod
    printf5.o(i.__0fprintf$5) refers to printf5.o(i._printf_core) for _printf_core
    printf5.o(i.__0fprintf$5) refers to retarget.o(.text) for fputc
    printf5.o(i.__0printf$5) refers to printf5.o(i._printf_core) for _printf_core
    printf5.o(i.__0printf$5) refers to retarget.o(.text) for fputc
    printf5.o(i.__0printf$5) refers to retarget.o(.data) for __stdout
    printf5.o(i.__0snprintf$5) refers to printf5.o(i._printf_core) for _printf_core
    printf5.o(i.__0snprintf$5) refers to printf5.o(i._snputc) for _snputc
    printf5.o(i.__0sprintf$5) refers to printf5.o(i._printf_core) for _printf_core
    printf5.o(i.__0sprintf$5) refers to printf5.o(i._sputc) for _sputc
    printf5.o(i.__0vfprintf$5) refers to printf5.o(i._printf_core) for _printf_core
    printf5.o(i.__0vfprintf$5) refers to retarget.o(.text) for fputc
    printf5.o(i.__0vprintf$5) refers to printf5.o(i._printf_core) for _printf_core
    printf5.o(i.__0vprintf$5) refers to retarget.o(.text) for fputc
    printf5.o(i.__0vprintf$5) refers to retarget.o(.data) for __stdout
    printf5.o(i.__0vsnprintf$5) refers to printf5.o(i._printf_core) for _printf_core
    printf5.o(i.__0vsnprintf$5) refers to printf5.o(i._snputc) for _snputc
    printf5.o(i.__0vsprintf$5) refers to printf5.o(i._printf_core) for _printf_core
    printf5.o(i.__0vsprintf$5) refers to printf5.o(i._sputc) for _sputc
    printf5.o(i._printf_core) refers to printf1.o(i.__ARM_common_call_via_r2) for __ARM_common_call_via_r2
    printf5.o(i._printf_core) refers to uldiv.o(.text) for __aeabi_uldivmod
    printf6.o(i.__0fprintf$6) refers to printf6.o(i._printf_core) for _printf_core
    printf6.o(i.__0fprintf$6) refers to retarget.o(.text) for fputc
    printf6.o(i.__0printf$6) refers to printf6.o(i._printf_core) for _printf_core
    printf6.o(i.__0printf$6) refers to retarget.o(.text) for fputc
    printf6.o(i.__0printf$6) refers to retarget.o(.data) for __stdout
    printf6.o(i.__0snprintf$6) refers to printf6.o(i._printf_core) for _printf_core
    printf6.o(i.__0snprintf$6) refers to printf6.o(i._snputc) for _snputc
    printf6.o(i.__0sprintf$6) refers to printf6.o(i._printf_core) for _printf_core
    printf6.o(i.__0sprintf$6) refers to printf6.o(i._sputc) for _sputc
    printf6.o(i.__0vfprintf$6) refers to printf6.o(i._printf_core) for _printf_core
    printf6.o(i.__0vfprintf$6) refers to retarget.o(.text) for fputc
    printf6.o(i.__0vprintf$6) refers to printf6.o(i._printf_core) for _printf_core
    printf6.o(i.__0vprintf$6) refers to retarget.o(.text) for fputc
    printf6.o(i.__0vprintf$6) refers to retarget.o(.data) for __stdout
    printf6.o(i.__0vsnprintf$6) refers to printf6.o(i._printf_core) for _printf_core
    printf6.o(i.__0vsnprintf$6) refers to printf6.o(i._snputc) for _snputc
    printf6.o(i.__0vsprintf$6) refers to printf6.o(i._printf_core) for _printf_core
    printf6.o(i.__0vsprintf$6) refers to printf6.o(i._sputc) for _sputc
    printf6.o(i._printf_core) refers to printf1.o(i.__ARM_common_call_via_r2) for __ARM_common_call_via_r2
    printf6.o(i._printf_core) refers to printf6.o(i._printf_pre_padding) for _printf_pre_padding
    printf6.o(i._printf_core) refers to printf6.o(i._printf_post_padding) for _printf_post_padding
    printf6.o(i._printf_core) refers to uidiv.o(.text) for __aeabi_uidivmod
    printf6.o(i._printf_post_padding) refers to printfb.o(i.__ARM_common_call_via_r6) for __ARM_common_call_via_r6
    printf6.o(i._printf_pre_padding) refers to printfb.o(i.__ARM_common_call_via_r6) for __ARM_common_call_via_r6
    printf7.o(i.__0fprintf$7) refers to printf7.o(i._printf_core) for _printf_core
    printf7.o(i.__0fprintf$7) refers to retarget.o(.text) for fputc
    printf7.o(i.__0printf$7) refers to printf7.o(i._printf_core) for _printf_core
    printf7.o(i.__0printf$7) refers to retarget.o(.text) for fputc
    printf7.o(i.__0printf$7) refers to retarget.o(.data) for __stdout
    printf7.o(i.__0snprintf$7) refers to printf7.o(i._printf_core) for _printf_core
    printf7.o(i.__0snprintf$7) refers to printf7.o(i._snputc) for _snputc
    printf7.o(i.__0sprintf$7) refers to printf7.o(i._printf_core) for _printf_core
    printf7.o(i.__0sprintf$7) refers to printf7.o(i._sputc) for _sputc
    printf7.o(i.__0vfprintf$7) refers to printf7.o(i._printf_core) for _printf_core
    printf7.o(i.__0vfprintf$7) refers to retarget.o(.text) for fputc
    printf7.o(i.__0vprintf$7) refers to printf7.o(i._printf_core) for _printf_core
    printf7.o(i.__0vprintf$7) refers to retarget.o(.text) for fputc
    printf7.o(i.__0vprintf$7) refers to retarget.o(.data) for __stdout
    printf7.o(i.__0vsnprintf$7) refers to printf7.o(i._printf_core) for _printf_core
    printf7.o(i.__0vsnprintf$7) refers to printf7.o(i._snputc) for _snputc
    printf7.o(i.__0vsprintf$7) refers to printf7.o(i._printf_core) for _printf_core
    printf7.o(i.__0vsprintf$7) refers to printf7.o(i._sputc) for _sputc
    printf7.o(i._printf_core) refers to printf1.o(i.__ARM_common_call_via_r2) for __ARM_common_call_via_r2
    printf7.o(i._printf_core) refers to printf7.o(i._printf_pre_padding) for _printf_pre_padding
    printf7.o(i._printf_core) refers to printf7.o(i._printf_post_padding) for _printf_post_padding
    printf7.o(i._printf_core) refers to uldiv.o(.text) for __aeabi_uldivmod
    printf7.o(i._printf_post_padding) refers to printfb.o(i.__ARM_common_call_via_r6) for __ARM_common_call_via_r6
    printf7.o(i._printf_pre_padding) refers to printfb.o(i.__ARM_common_call_via_r6) for __ARM_common_call_via_r6
    printf8.o(i.__0fprintf$8) refers to printf8.o(i._printf_core) for _printf_core
    printf8.o(i.__0fprintf$8) refers to retarget.o(.text) for fputc
    printf8.o(i.__0printf$8) refers to printf8.o(i._printf_core) for _printf_core
    printf8.o(i.__0printf$8) refers to retarget.o(.text) for fputc
    printf8.o(i.__0printf$8) refers to retarget.o(.data) for __stdout
    printf8.o(i.__0snprintf$8) refers to printf8.o(i._printf_core) for _printf_core
    printf8.o(i.__0snprintf$8) refers to printf8.o(i._snputc) for _snputc
    printf8.o(i.__0sprintf$8) refers to printf8.o(i._printf_core) for _printf_core
    printf8.o(i.__0sprintf$8) refers to printf8.o(i._sputc) for _sputc
    printf8.o(i.__0vfprintf$8) refers to printf8.o(i._printf_core) for _printf_core
    printf8.o(i.__0vfprintf$8) refers to retarget.o(.text) for fputc
    printf8.o(i.__0vprintf$8) refers to printf8.o(i._printf_core) for _printf_core
    printf8.o(i.__0vprintf$8) refers to retarget.o(.text) for fputc
    printf8.o(i.__0vprintf$8) refers to retarget.o(.data) for __stdout
    printf8.o(i.__0vsnprintf$8) refers to printf8.o(i._printf_core) for _printf_core
    printf8.o(i.__0vsnprintf$8) refers to printf8.o(i._snputc) for _snputc
    printf8.o(i.__0vsprintf$8) refers to printf8.o(i._printf_core) for _printf_core
    printf8.o(i.__0vsprintf$8) refers to printf8.o(i._sputc) for _sputc
    printf8.o(i._printf_core) refers to printf1.o(i.__ARM_common_call_via_r2) for __ARM_common_call_via_r2
    printf8.o(i._printf_core) refers to printf8.o(i._printf_pre_padding) for _printf_pre_padding
    printf8.o(i._printf_core) refers to printf8.o(i._printf_post_padding) for _printf_post_padding
    printf8.o(i._printf_core) refers to uldiv.o(.text) for __aeabi_uldivmod
    printf8.o(i._printf_post_padding) refers to printfb.o(i.__ARM_common_call_via_r6) for __ARM_common_call_via_r6
    printf8.o(i._printf_pre_padding) refers to printfb.o(i.__ARM_common_call_via_r6) for __ARM_common_call_via_r6
    printfa.o(i.__0fprintf) refers (Special) to iusefp.o(.text) for __I$use$fp
    printfa.o(i.__0fprintf) refers to printfa.o(i._printf_core) for _printf_core
    printfa.o(i.__0fprintf) refers to retarget.o(.text) for fputc
    printfa.o(i.__0printf) refers (Special) to iusefp.o(.text) for __I$use$fp
    printfa.o(i.__0printf) refers to printfa.o(i._printf_core) for _printf_core
    printfa.o(i.__0printf) refers to retarget.o(.text) for fputc
    printfa.o(i.__0printf) refers to retarget.o(.data) for __stdout
    printfa.o(i.__0snprintf) refers (Special) to iusefp.o(.text) for __I$use$fp
    printfa.o(i.__0snprintf) refers to printfa.o(i._printf_core) for _printf_core
    printfa.o(i.__0snprintf) refers to printfa.o(i._snputc) for _snputc
    printfa.o(i.__0sprintf) refers (Special) to iusefp.o(.text) for __I$use$fp
    printfa.o(i.__0sprintf) refers to printfa.o(i._printf_core) for _printf_core
    printfa.o(i.__0sprintf) refers to printfa.o(i._sputc) for _sputc
    printfa.o(i.__0vfprintf) refers (Special) to iusefp.o(.text) for __I$use$fp
    printfa.o(i.__0vfprintf) refers to printfa.o(i._printf_core) for _printf_core
    printfa.o(i.__0vfprintf) refers to retarget.o(.text) for fputc
    printfa.o(i.__0vprintf) refers (Special) to iusefp.o(.text) for __I$use$fp
    printfa.o(i.__0vprintf) refers to printfa.o(i._printf_core) for _printf_core
    printfa.o(i.__0vprintf) refers to retarget.o(.text) for fputc
    printfa.o(i.__0vprintf) refers to retarget.o(.data) for __stdout
    printfa.o(i.__0vsnprintf) refers (Special) to iusefp.o(.text) for __I$use$fp
    printfa.o(i.__0vsnprintf) refers to printfa.o(i._printf_core) for _printf_core
    printfa.o(i.__0vsnprintf) refers to printfa.o(i._snputc) for _snputc
    printfa.o(i.__0vsprintf) refers (Special) to iusefp.o(.text) for __I$use$fp
    printfa.o(i.__0vsprintf) refers to printfa.o(i._printf_core) for _printf_core
    printfa.o(i.__0vsprintf) refers to printfa.o(i._sputc) for _sputc
    printfa.o(i._fp_digits) refers (Special) to iusefp.o(.text) for __I$use$fp
    printfa.o(i._fp_digits) refers to dmul.o(.text) for __aeabi_dmul
    printfa.o(i._fp_digits) refers to ddiv.o(.text) for __aeabi_ddiv
    printfa.o(i._fp_digits) refers to cdrcmple.o(.text) for __aeabi_cdrcmple
    printfa.o(i._fp_digits) refers to dadd.o(.text) for __aeabi_dadd
    printfa.o(i._fp_digits) refers to dfixul.o(.text) for __aeabi_d2ulz
    printfa.o(i._fp_digits) refers to uldiv.o(.text) for __aeabi_uldivmod
    printfa.o(i._printf_core) refers (Special) to iusefp.o(.text) for __I$use$fp
    printfa.o(i._printf_core) refers to printf1.o(i.__ARM_common_call_via_r2) for __ARM_common_call_via_r2
    printfa.o(i._printf_core) refers to printfa.o(i._printf_pre_padding) for _printf_pre_padding
    printfa.o(i._printf_core) refers to uldiv.o(.text) for __aeabi_uldivmod
    printfa.o(i._printf_core) refers to printfa.o(i._printf_post_padding) for _printf_post_padding
    printfa.o(i._printf_core) refers to printfa.o(i._fp_digits) for _fp_digits
    printfa.o(i._printf_core) refers to uidiv.o(.text) for __aeabi_uidivmod
    printfa.o(i._printf_post_padding) refers (Special) to iusefp.o(.text) for __I$use$fp
    printfa.o(i._printf_post_padding) refers to printfb.o(i.__ARM_common_call_via_r6) for __ARM_common_call_via_r6
    printfa.o(i._printf_pre_padding) refers (Special) to iusefp.o(.text) for __I$use$fp
    printfa.o(i._printf_pre_padding) refers to printfb.o(i.__ARM_common_call_via_r6) for __ARM_common_call_via_r6
    printfa.o(i._snputc) refers (Special) to iusefp.o(.text) for __I$use$fp
    printfa.o(i._sputc) refers (Special) to iusefp.o(.text) for __I$use$fp
    entry2.o(.ARM.Collect$$$$00000001) refers to entry2.o(.ARM.Collect$$$$00002712) for __lit__00000000
    entry2.o(.ARM.Collect$$$$00002712) refers to startup.o(STACK) for __initial_sp
    entry5.o(.ARM.Collect$$$$00000004) refers to init.o(.text) for __scatterload
    entry9a.o(.ARM.Collect$$$$0000000B) refers to main.o(.text) for main
    entry9b.o(.ARM.Collect$$$$0000000C) refers to main.o(.text) for main
    uldiv.o(.text) refers to llushr.o(.text) for __aeabi_llsr
    uldiv.o(.text) refers to llshl.o(.text) for __aeabi_llsl
    dadd.o(.text) refers to llshl.o(.text) for __aeabi_llsl
    dadd.o(.text) refers to llsshr.o(.text) for __aeabi_lasr
    dadd.o(.text) refers to depilogue.o(.text) for _double_epilogue
    dmul.o(.text) refers to depilogue.o(.text) for _double_epilogue
    ddiv.o(.text) refers to depilogue.o(.text) for _double_round
    dfixul.o(.text) refers to llushr.o(.text) for __aeabi_llsr
    dfixul.o(.text) refers to llshl.o(.text) for __aeabi_llsl
    init.o(.text) refers to init.o(i.__ARM_common_call_via_r3) for __ARM_common_call_via_r3
    init.o(.text) refers to entry5.o(.ARM.Collect$$$$00000004) for __main_after_scatterload
    depilogue.o(.text) refers to depilogue.o(i.__ARM_clz) for __ARM_clz
    depilogue.o(.text) refers to llshl.o(.text) for __aeabi_llsl
    depilogue.o(.text) refers to llushr.o(.text) for __aeabi_llsr


==============================================================================

Removing Unused input sections from the image.

    Removing startup.o(HEAP), (2048 bytes).
    Removing lc2378rtc.o(.text), (540 bytes).
    Removing lc2378rtc.o(.data), (1 bytes).
    Removing qhsm_in.o(.text), (136 bytes).
    Removing qhsm_in.o(.constdata), (8 bytes).
    Removing qmsm_dis.o(.text), (908 bytes).
    Removing qmsm_dis.o(.constdata), (9 bytes).
    Removing qmsm_in.o(.text), (56 bytes).
    Removing qmsm_ini.o(.text), (200 bytes).
    Removing qmsm_ini.o(.constdata), (40 bytes).
    Removing qa_defer.o(.text), (184 bytes).
    Removing qa_defer.o(.constdata), (9 bytes).
    Removing qa_sub.o(.text), (180 bytes).
    Removing qa_sub.o(.constdata), (7 bytes).
    Removing qa_usub.o(.text), (180 bytes).
    Removing qa_usub.o(.constdata), (8 bytes).
    Removing qa_usuba.o(.text), (220 bytes).
    Removing qa_usuba.o(.constdata), (9 bytes).
    Removing qeq_fifo.o(.text), (224 bytes).
    Removing qeq_fifo.o(.constdata), (9 bytes).
    Removing qeq_get.o(.text), (164 bytes).
    Removing qeq_get.o(.constdata), (8 bytes).
    Removing qeq_lifo.o(.text), (172 bytes).
    Removing qeq_lifo.o(.constdata), (9 bytes).
    Removing qf_psini.o(.text), (56 bytes).
    Removing qf_psini.o(.data), (8 bytes).
    Removing qf_pspub.o(.text), (244 bytes).
    Removing qf_pspub.o(.constdata), (9 bytes).
    Removing qma_ctor.o(.text), (44 bytes).
    Removing qma_ctor.o(.constdata), (20 bytes).
    Removing qte_arm.o(.text), (180 bytes).
    Removing qte_arm.o(.constdata), (8 bytes).
    Removing qte_ctr.o(.text), (32 bytes).
    Removing qte_darm.o(.text), (60 bytes).
    Removing qte_rarm.o(.text), (188 bytes).
    Removing qte_rarm.o(.constdata), (9 bytes).
    Removing dadd.o(.text), (360 bytes).
    Removing dmul.o(.text), (212 bytes).
    Removing ddiv.o(.text), (244 bytes).
    Removing dfixul.o(.text), (68 bytes).
    Removing cdrcmple.o(.text), (40 bytes).
    Removing depilogue.o(.text), (196 bytes).
    Removing depilogue.o(i.__ARM_clz), (46 bytes).

43 unused section(s) (total 7353 bytes) removed from the image.

==============================================================================

Adding Veneers to the image

    Adding AT veneer (8 bytes, Inline) for call to '__aeabi_idivmod' from coffee.o(.text).
    Adding AT veneer (8 bytes, Inline) for call to 'strcpy' from coffee.o(.text).
    Adding AT veneer (8 bytes, Inline) for call to '__scatterload' from entry5.o(.ARM.Collect$$$$00000004).
    Adding TA veneer (8 bytes, Short) for call to '__main_after_scatterload' from init.o(.text).
    Adding AT veneer (8 bytes, Inline) for call to '__2printf' from coffee.o(.text).
    Adding AT veneer (8 bytes, Inline) for call to '__2sprintf' from coffee.o(.text).

6 Veneer(s) (total 48 bytes) added to the image.

==============================================================================

Image Symbol Table

    Local Symbols

    Symbol Name                              Value     Ov Type        Size  Object(Section)

    ../clib/microlib/division.c              0x00000000   Number         0  idiv.o ABSOLUTE
    ../clib/microlib/division.c              0x00000000   Number         0  uidiv.o ABSOLUTE
    ../clib/microlib/division.c              0x00000000   Number         0  uldiv.o ABSOLUTE
    ../clib/microlib/init/entry.s            0x00000000   Number         0  entry.o ABSOLUTE
    ../clib/microlib/init/entry.s            0x00000000   Number         0  entry7a.o ABSOLUTE
    ../clib/microlib/init/entry.s            0x00000000   Number         0  entry10b.o ABSOLUTE
    ../clib/microlib/init/entry.s            0x00000000   Number         0  entry8a.o ABSOLUTE
    ../clib/microlib/init/entry.s            0x00000000   Number         0  entry7b.o ABSOLUTE
    ../clib/microlib/init/entry.s            0x00000000   Number         0  entry11a.o ABSOLUTE
    ../clib/microlib/init/entry.s            0x00000000   Number         0  entry9a.o ABSOLUTE
    ../clib/microlib/init/entry.s            0x00000000   Number         0  entry10a.o ABSOLUTE
    ../clib/microlib/init/entry.s            0x00000000   Number         0  entry9b.o ABSOLUTE
    ../clib/microlib/init/entry.s            0x00000000   Number         0  entry8b.o ABSOLUTE
    ../clib/microlib/init/entry.s            0x00000000   Number         0  entry11b.o ABSOLUTE
    ../clib/microlib/init/entry.s            0x00000000   Number         0  entry5.o ABSOLUTE
    ../clib/microlib/init/entry.s            0x00000000   Number         0  entry2.o ABSOLUTE
    ../clib/microlib/longlong.c              0x00000000   Number         0  llshl.o ABSOLUTE
    ../clib/microlib/longlong.c              0x00000000   Number         0  llsshr.o ABSOLUTE
    ../clib/microlib/longlong.c              0x00000000   Number         0  llushr.o ABSOLUTE
    ../clib/microlib/printf/printf.c         0x00000000   Number         0  printf4.o ABSOLUTE
    ../clib/microlib/printf/printf.c         0x00000000   Number         0  printfb.o ABSOLUTE
    ../clib/microlib/printf/printf.c         0x00000000   Number         0  printf1.o ABSOLUTE
    ../clib/microlib/printf/printf.c         0x00000000   Number         0  printf2.o ABSOLUTE
    ../clib/microlib/printf/printf.c         0x00000000   Number         0  printf3.o ABSOLUTE
    ../clib/microlib/printf/printf.c         0x00000000   Number         0  printf5.o ABSOLUTE
    ../clib/microlib/printf/printf.c         0x00000000   Number         0  printf6.o ABSOLUTE
    ../clib/microlib/printf/printf.c         0x00000000   Number         0  printf7.o ABSOLUTE
    ../clib/microlib/printf/printf.c         0x00000000   Number         0  printf8.o ABSOLUTE
    ../clib/microlib/printf/printf.c         0x00000000   Number         0  printf0.o ABSOLUTE
    ../clib/microlib/printf/printf.c         0x00000000   Number         0  printfa.o ABSOLUTE
    ../clib/microlib/printf/stubs.s          0x00000000   Number         0  stubs.o ABSOLUTE
    ../clib/microlib/stdio/fflush.c          0x00000000   Number         0  fflush.o ABSOLUTE
    ../clib/microlib/string/strcpy.c         0x00000000   Number         0  strcpy.o ABSOLUTE
    ../clib/microlib/stubs.s                 0x00000000   Number         0  useno.o ABSOLUTE
    ../clib/microlib/stubs.s                 0x00000000   Number         0  iusefp.o ABSOLUTE
    ../fplib/microlib/fpadd.c                0x00000000   Number         0  dadd.o ABSOLUTE
    ../fplib/microlib/fpdiv.c                0x00000000   Number         0  ddiv.o ABSOLUTE
    ../fplib/microlib/fpepilogue.c           0x00000000   Number         0  depilogue.o ABSOLUTE
    ../fplib/microlib/fpfix.c                0x00000000   Number         0  dfixul.o ABSOLUTE
    ../fplib/microlib/fpmul.c                0x00000000   Number         0  dmul.o ABSOLUTE
    ..\..\..\..\..\..\..\Framewworks\Quantum\qpc_5.3.1\qpc\qep\source\qep.c 0x00000000   Number         0  qep.o ABSOLUTE
    ..\..\..\..\..\..\..\Framewworks\Quantum\qpc_5.3.1\qpc\qep\source\qfsm_dis.c 0x00000000   Number         0  qfsm_dis.o ABSOLUTE
    ..\..\..\..\..\..\..\Framewworks\Quantum\qpc_5.3.1\qpc\qep\source\qfsm_ini.c 0x00000000   Number         0  qfsm_ini.o ABSOLUTE
    ..\..\..\..\..\..\..\Framewworks\Quantum\qpc_5.3.1\qpc\qep\source\qhsm_dis.c 0x00000000   Number         0  qhsm_dis.o ABSOLUTE
    ..\..\..\..\..\..\..\Framewworks\Quantum\qpc_5.3.1\qpc\qep\source\qhsm_in.c 0x00000000   Number         0  qhsm_in.o ABSOLUTE
    ..\..\..\..\..\..\..\Framewworks\Quantum\qpc_5.3.1\qpc\qep\source\qhsm_ini.c 0x00000000   Number         0  qhsm_ini.o ABSOLUTE
    ..\..\..\..\..\..\..\Framewworks\Quantum\qpc_5.3.1\qpc\qep\source\qhsm_top.c 0x00000000   Number         0  qhsm_top.o ABSOLUTE
    ..\..\..\..\..\..\..\Framewworks\Quantum\qpc_5.3.1\qpc\qep\source\qmsm_dis.c 0x00000000   Number         0  qmsm_dis.o ABSOLUTE
    ..\..\..\..\..\..\..\Framewworks\Quantum\qpc_5.3.1\qpc\qep\source\qmsm_in.c 0x00000000   Number         0  qmsm_in.o ABSOLUTE
    ..\..\..\..\..\..\..\Framewworks\Quantum\qpc_5.3.1\qpc\qep\source\qmsm_ini.c 0x00000000   Number         0  qmsm_ini.o ABSOLUTE
    ..\..\..\..\..\..\..\Framewworks\Quantum\qpc_5.3.1\qpc\qf\source\qa_ctor.c 0x00000000   Number         0  qa_ctor.o ABSOLUTE
    ..\..\..\..\..\..\..\Framewworks\Quantum\qpc_5.3.1\qpc\qf\source\qa_defer.c 0x00000000   Number         0  qa_defer.o ABSOLUTE
    ..\..\..\..\..\..\..\Framewworks\Quantum\qpc_5.3.1\qpc\qf\source\qa_fifo.c 0x00000000   Number         0  qa_fifo.o ABSOLUTE
    ..\..\..\..\..\..\..\Framewworks\Quantum\qpc_5.3.1\qpc\qf\source\qa_get_.c 0x00000000   Number         0  qa_get_.o ABSOLUTE
    ..\..\..\..\..\..\..\Framewworks\Quantum\qpc_5.3.1\qpc\qf\source\qa_lifo.c 0x00000000   Number         0  qa_lifo.o ABSOLUTE
    ..\..\..\..\..\..\..\Framewworks\Quantum\qpc_5.3.1\qpc\qf\source\qa_sub.c 0x00000000   Number         0  qa_sub.o ABSOLUTE
    ..\..\..\..\..\..\..\Framewworks\Quantum\qpc_5.3.1\qpc\qf\source\qa_usub.c 0x00000000   Number         0  qa_usub.o ABSOLUTE
    ..\..\..\..\..\..\..\Framewworks\Quantum\qpc_5.3.1\qpc\qf\source\qa_usuba.c 0x00000000   Number         0  qa_usuba.o ABSOLUTE
    ..\..\..\..\..\..\..\Framewworks\Quantum\qpc_5.3.1\qpc\qf\source\qeq_fifo.c 0x00000000   Number         0  qeq_fifo.o ABSOLUTE
    ..\..\..\..\..\..\..\Framewworks\Quantum\qpc_5.3.1\qpc\qf\source\qeq_get.c 0x00000000   Number         0  qeq_get.o ABSOLUTE
    ..\..\..\..\..\..\..\Framewworks\Quantum\qpc_5.3.1\qpc\qf\source\qeq_init.c 0x00000000   Number         0  qeq_init.o ABSOLUTE
    ..\..\..\..\..\..\..\Framewworks\Quantum\qpc_5.3.1\qpc\qf\source\qeq_lifo.c 0x00000000   Number         0  qeq_lifo.o ABSOLUTE
    ..\..\..\..\..\..\..\Framewworks\Quantum\qpc_5.3.1\qpc\qf\source\qf_act.c 0x00000000   Number         0  qf_act.o ABSOLUTE
    ..\..\..\..\..\..\..\Framewworks\Quantum\qpc_5.3.1\qpc\qf\source\qf_gc.c 0x00000000   Number         0  qf_gc.o ABSOLUTE
    ..\..\..\..\..\..\..\Framewworks\Quantum\qpc_5.3.1\qpc\qf\source\qf_log2.c 0x00000000   Number         0  qf_log2.o ABSOLUTE
    ..\..\..\..\..\..\..\Framewworks\Quantum\qpc_5.3.1\qpc\qf\source\qf_new.c 0x00000000   Number         0  qf_new.o ABSOLUTE
    ..\..\..\..\..\..\..\Framewworks\Quantum\qpc_5.3.1\qpc\qf\source\qf_pool.c 0x00000000   Number         0  qf_pool.o ABSOLUTE
    ..\..\..\..\..\..\..\Framewworks\Quantum\qpc_5.3.1\qpc\qf\source\qf_psini.c 0x00000000   Number         0  qf_psini.o ABSOLUTE
    ..\..\..\..\..\..\..\Framewworks\Quantum\qpc_5.3.1\qpc\qf\source\qf_pspub.c 0x00000000   Number         0  qf_pspub.o ABSOLUTE
    ..\..\..\..\..\..\..\Framewworks\Quantum\qpc_5.3.1\qpc\qf\source\qf_pwr2.c 0x00000000   Number         0  qf_pwr2.o ABSOLUTE
    ..\..\..\..\..\..\..\Framewworks\Quantum\qpc_5.3.1\qpc\qf\source\qf_tick.c 0x00000000   Number         0  qf_tick.o ABSOLUTE
    ..\..\..\..\..\..\..\Framewworks\Quantum\qpc_5.3.1\qpc\qf\source\qma_ctor.c 0x00000000   Number         0  qma_ctor.o ABSOLUTE
    ..\..\..\..\..\..\..\Framewworks\Quantum\qpc_5.3.1\qpc\qf\source\qmp_get.c 0x00000000   Number         0  qmp_get.o ABSOLUTE
    ..\..\..\..\..\..\..\Framewworks\Quantum\qpc_5.3.1\qpc\qf\source\qmp_init.c 0x00000000   Number         0  qmp_init.o ABSOLUTE
    ..\..\..\..\..\..\..\Framewworks\Quantum\qpc_5.3.1\qpc\qf\source\qmp_put.c 0x00000000   Number         0  qmp_put.o ABSOLUTE
    ..\..\..\..\..\..\..\Framewworks\Quantum\qpc_5.3.1\qpc\qf\source\qte_arm.c 0x00000000   Number         0  qte_arm.o ABSOLUTE
    ..\..\..\..\..\..\..\Framewworks\Quantum\qpc_5.3.1\qpc\qf\source\qte_ctor.c 0x00000000   Number         0  qte_ctor.o ABSOLUTE
    ..\..\..\..\..\..\..\Framewworks\Quantum\qpc_5.3.1\qpc\qf\source\qte_ctr.c 0x00000000   Number         0  qte_ctr.o ABSOLUTE
    ..\..\..\..\..\..\..\Framewworks\Quantum\qpc_5.3.1\qpc\qf\source\qte_darm.c 0x00000000   Number         0  qte_darm.o ABSOLUTE
    ..\..\..\..\..\..\..\Framewworks\Quantum\qpc_5.3.1\qpc\qf\source\qte_rarm.c 0x00000000   Number         0  qte_rarm.o ABSOLUTE
    ..\..\..\..\..\..\..\Framewworks\Quantum\qpc_5.3.1\qpc\qf\source\qvanilla.c 0x00000000   Number         0  qvanilla.o ABSOLUTE
    bsp\LCD_4bit.c                           0x00000000   Number         0  lcd_4bit.o ABSOLUTE
    bsp\Serial.c                             0x00000000   Number         0  serial.o ABSOLUTE
    bsp\adwheel.c                            0x00000000   Number         0  adwheel.o ABSOLUTE
    bsp\button.c                             0x00000000   Number         0  button.o ABSOLUTE
    bsp\lc2378rtc.c                          0x00000000   Number         0  lc2378rtc.o ABSOLUTE
    bsp\led.c                                0x00000000   Number         0  led.o ABSOLUTE
    bsp\timer.c                              0x00000000   Number         0  timer.o ABSOLUTE
    cdrcmple.s                               0x00000000   Number         0  cdrcmple.o ABSOLUTE
    dc.s                                     0x00000000   Number         0  dc.o ABSOLUTE
    handlers.s                               0x00000000   Number         0  handlers.o ABSOLUTE
    init.s                                   0x00000000   Number         0  init.o ABSOLUTE
    src\Retarget.c                           0x00000000   Number         0  retarget.o ABSOLUTE
    src\coffee\alarm.c                       0x00000000   Number         0  alarm.o ABSOLUTE
    src\coffee\coffee.c                      0x00000000   Number         0  coffee.o ABSOLUTE
    src\coffee\main.c                        0x00000000   Number         0  main.o ABSOLUTE
    src\qmbsp.c                              0x00000000   Number         0  qmbsp.o ABSOLUTE
    src\startup.s                            0x00000000   Number         0  startup.o ABSOLUTE
    src\swi_interrup.s                       0x00000000   Number         0  swi_interrup.o ABSOLUTE
    RESET                                    0x40000000   Section      372  startup.o(RESET)
    Undef_Handler                            0x40000040   ARM Code       4  startup.o(RESET)
    SWI_Handler                              0x40000044   ARM Code       4  startup.o(RESET)
    PAbt_Handler                             0x40000048   ARM Code       4  startup.o(RESET)
    DAbt_Handler                             0x4000004c   ARM Code       4  startup.o(RESET)
    IRQ_Handler                              0x40000050   ARM Code       4  startup.o(RESET)
    FIQ_Handler                              0x40000054   ARM Code       4  startup.o(RESET)
    .ARM.Collect$$$$00000000                 0x40000174   Section        0  entry.o(.ARM.Collect$$$$00000000)
    .ARM.Collect$$$$00000001                 0x40000174   Section        4  entry2.o(.ARM.Collect$$$$00000001)
    .ARM.Collect$$$$00000004                 0x40000178   Section        4  entry5.o(.ARM.Collect$$$$00000004)
    .ARM.Collect$$$$00000008                 0x4000017c   Section        0  entry7b.o(.ARM.Collect$$$$00000008)
    .ARM.Collect$$$$0000000A                 0x4000017c   Section        0  entry8b.o(.ARM.Collect$$$$0000000A)
    .ARM.Collect$$$$0000000B                 0x4000017c   Section       12  entry9a.o(.ARM.Collect$$$$0000000B)
    .ARM.Collect$$$$0000000D                 0x40000188   Section        0  entry10a.o(.ARM.Collect$$$$0000000D)
    .ARM.Collect$$$$0000000F                 0x40000188   Section        0  entry11a.o(.ARM.Collect$$$$0000000F)
    .ARM.Collect$$$$00002712                 0x40000188   Section        4  entry2.o(.ARM.Collect$$$$00002712)
    __lit__00000000                          0x40000188   Data           4  entry2.o(.ARM.Collect$$$$00002712)
    .text                                    0x4000018c   Section        0  retarget.o(.text)
    .text                                    0x400001fc   Section        0  lcd_4bit.o(.text)
    delay                                    0x400001fc   ARM Code      24  lcd_4bit.o(.text)
    lcd_read_status                          0x40000214   ARM Code     188  lcd_4bit.o(.text)
    wait_while_busy                          0x400002d0   ARM Code      32  lcd_4bit.o(.text)
    lcd_write_data                           0x40000374   ARM Code      48  lcd_4bit.o(.text)
    .text                                    0x400004f8   Section        0  led.o(.text)
    .text                                    0x40000564   Section        0  serial.o(.text)
    .text                                    0x40000718   Section        0  adwheel.o(.text)
    .text                                    0x40000804   Section        0  timer.o(.text)
    .text                                    0x40000904   Section        0  button.o(.text)
    .text                                    0x40000a40   Section        0  qfsm_dis.o(.text)
    .text                                    0x40000adc   Section        0  qfsm_ini.o(.text)
    .text                                    0x40000b90   Section        0  qhsm_dis.o(.text)
    QHsm_tran_                               0x40000b90   ARM Code     576  qhsm_dis.o(.text)
    .text                                    0x40000fc8   Section        0  qhsm_ini.o(.text)
    .text                                    0x40001144   Section        0  qhsm_top.o(.text)
    .text                                    0x40001150   Section        0  qa_ctor.o(.text)
    .text                                    0x4000117c   Section        0  qa_fifo.o(.text)
    .text                                    0x4000128c   Section        0  qa_get_.o(.text)
    .text                                    0x400013bc   Section        0  qa_lifo.o(.text)
    .text                                    0x40001494   Section        0  qeq_init.o(.text)
    .text                                    0x400014c0   Section        0  qf_act.o(.text)
    .text                                    0x40001598   Section        0  qf_gc.o(.text)
    .text                                    0x40001628   Section        0  qf_new.o(.text)
    .text                                    0x400016fc   Section        0  qf_pool.o(.text)
    .text                                    0x400017bc   Section        0  qf_tick.o(.text)
    .text                                    0x40001964   Section        0  qmp_get.o(.text)
    .text                                    0x40001aa4   Section        0  qmp_init.o(.text)
    .text                                    0x40001ba4   Section        0  qmp_put.o(.text)
    .text                                    0x40001c18   Section        0  qte_ctor.o(.text)
    .text                                    0x40001c78   Section        0  qvanilla.o(.text)
    .text                                    0x40001df8   Section        0  coffee.o(.text)
    .text                                    0x40002b1c   Section        0  alarm.o(.text)
    .text                                    0x40002f0c   Section        0  main.o(.text)
    .text                                    0x40003230   Section        0  qmbsp.o(.text)
    .text                                    0x400033b4   Section        0  idiv.o(.text)
    .text                                    0x400033e8   Section        0  strcpy.o(.text)
    .text                                    0x400033fa   Section        0  uidiv.o(.text)
    .text                                    0x40003428   Section        0  uldiv.o(.text)
    .text                                    0x40003498   Section       32  init.o(.text)
    .text                                    0x400034b8   Section        0  llshl.o(.text)
    .text                                    0x400034da   Section        0  llushr.o(.text)
    SWI_Area                                 0x40003500   Section      100  swi_interrup.o(SWI_Area)
    i.__0printf$8                            0x40003574   Section        0  printf8.o(i.__0printf$8)
    i.__0sprintf$8                           0x4000359c   Section        0  printf8.o(i.__0sprintf$8)
    i.__ARM_common_call_via_r2               0x400035c4   Section        0  printf1.o(i.__ARM_common_call_via_r2)
    i.__ARM_common_call_via_r3               0x400035c6   Section        2  init.o(i.__ARM_common_call_via_r3)
    i.__ARM_common_call_via_r6               0x400035c8   Section        0  printfb.o(i.__ARM_common_call_via_r6)
    i.__scatterload_copy                     0x400035cc   Section       28  handlers.o(i.__scatterload_copy)
    i.__scatterload_null                     0x400035e8   Section        4  handlers.o(i.__scatterload_null)
    i.__scatterload_zeroinit                 0x400035ec   Section       24  handlers.o(i.__scatterload_zeroinit)
    i._printf_core                           0x40003604   Section        0  printf8.o(i._printf_core)
    _printf_core                             0x40003605   Thumb Code  1088  printf8.o(i._printf_core)
    i._printf_post_padding                   0x40003a44   Section        0  printf8.o(i._printf_post_padding)
    _printf_post_padding                     0x40003a45   Thumb Code    38  printf8.o(i._printf_post_padding)
    i._printf_pre_padding                    0x40003a6a   Section        0  printf8.o(i._printf_pre_padding)
    _printf_pre_padding                      0x40003a6b   Thumb Code    50  printf8.o(i._printf_pre_padding)
    i._sputc                                 0x40003a9c   Section        0  printf8.o(i._sputc)
    _sputc                                   0x40003a9d   Thumb Code    10  printf8.o(i._sputc)
    .constdata                               0x40003aa6   Section       64  lcd_4bit.o(.constdata)
    .constdata                               0x40003ae6   Section       16  qep.o(.constdata)
    .constdata                               0x40003af6   Section        9  qfsm_dis.o(.constdata)
    Q_this_module_                           0x40003af6   Data           9  qfsm_dis.o(.constdata)
    .constdata                               0x40003b00   Section       20  qfsm_ini.o(.constdata)
    Q_this_module_                           0x40003b00   Data           9  qfsm_ini.o(.constdata)
    vtbl                                     0x40003b0c   Data           8  qfsm_ini.o(.constdata)
    .constdata                               0x40003b14   Section        9  qhsm_dis.o(.constdata)
    Q_this_module_                           0x40003b14   Data           9  qhsm_dis.o(.constdata)
    .constdata                               0x40003b20   Section       20  qhsm_ini.o(.constdata)
    Q_this_module_                           0x40003b20   Data           9  qhsm_ini.o(.constdata)
    vtbl                                     0x40003b2c   Data           8  qhsm_ini.o(.constdata)
    .constdata                               0x40003b34   Section       20  qa_ctor.o(.constdata)
    vtbl                                     0x40003b34   Data          20  qa_ctor.o(.constdata)
    .constdata                               0x40003b48   Section        8  qa_fifo.o(.constdata)
    Q_this_module_                           0x40003b48   Data           8  qa_fifo.o(.constdata)
    .constdata                               0x40003b50   Section        8  qa_get_.o(.constdata)
    Q_this_module_                           0x40003b50   Data           8  qa_get_.o(.constdata)
    .constdata                               0x40003b58   Section        8  qa_lifo.o(.constdata)
    Q_this_module_                           0x40003b58   Data           8  qa_lifo.o(.constdata)
    .constdata                               0x40003b60   Section        7  qf_act.o(.constdata)
    Q_this_module_                           0x40003b60   Data           7  qf_act.o(.constdata)
    .constdata                               0x40003b67   Section        6  qf_gc.o(.constdata)
    Q_this_module_                           0x40003b67   Data           6  qf_gc.o(.constdata)
    .constdata                               0x40003b6d   Section      256  qf_log2.o(.constdata)
    .constdata                               0x40003c6d   Section        7  qf_new.o(.constdata)
    Q_this_module_                           0x40003c6d   Data           7  qf_new.o(.constdata)
    .constdata                               0x40003c74   Section        8  qf_pool.o(.constdata)
    Q_this_module_                           0x40003c74   Data           8  qf_pool.o(.constdata)
    .constdata                               0x40003c7c   Section      195  qf_pwr2.o(.constdata)
    .constdata                               0x40003d3f   Section        8  qf_tick.o(.constdata)
    Q_this_module_                           0x40003d3f   Data           8  qf_tick.o(.constdata)
    .constdata                               0x40003d47   Section        8  qmp_get.o(.constdata)
    Q_this_module_                           0x40003d47   Data           8  qmp_get.o(.constdata)
    .constdata                               0x40003d4f   Section        9  qmp_init.o(.constdata)
    Q_this_module_                           0x40003d4f   Data           9  qmp_init.o(.constdata)
    .constdata                               0x40003d58   Section        8  qmp_put.o(.constdata)
    Q_this_module_                           0x40003d58   Data           8  qmp_put.o(.constdata)
    .constdata                               0x40003d60   Section        9  qte_ctor.o(.constdata)
    Q_this_module_                           0x40003d60   Data           9  qte_ctor.o(.constdata)
    .constdata                               0x40003d69   Section        9  qvanilla.o(.constdata)
    Q_this_module_                           0x40003d69   Data           9  qvanilla.o(.constdata)
    .conststring                             0x40003d74   Section      269  main.o(.conststring)
    .data                                    0x40004000   Section       12  retarget.o(.data)
    .data                                    0x4000400c   Section        8  serial.o(.data)
    keystroke                                0x4000400c   Data           4  serial.o(.data)
    buf                                      0x40004010   Data           4  serial.o(.data)
    .data                                    0x40004014   Section        6  adwheel.o(.data)
    ad_evt                                   0x40004014   Data           6  adwheel.o(.data)
    .data                                    0x4000401a   Section        4  button.o(.data)
    event                                    0x4000401a   Data           4  button.o(.data)
    .data                                    0x40004020   Section        4  qf_pool.o(.data)
    .data                                    0x40004024   Section        4  qvanilla.o(.data)
    .data                                    0x40004028   Section      160  coffee.o(.data)
    menu_entries                             0x40004080   Data          72  coffee.o(.data)
    .data                                    0x400040c8   Section        4  main.o(.data)
    .bss                                     0x400040cc   Section       36  qf_act.o(.bss)
    .bss                                     0x400040f0   Section       60  qf_pool.o(.bss)
    .bss                                     0x4000412c   Section       32  qf_tick.o(.bss)
    .bss                                     0x4000414c   Section      172  main.o(.bss)
    l_alarmClockQSto                         0x4000414c   Data          40  main.o(.bss)
    l_smlPoolSto                             0x40004174   Data          40  main.o(.bss)
    STACK                                    0x400041f8   Section     1288  startup.o(STACK)
    Stack_Top                                0x40004700   Data           0  startup.o(STACK)

    Global Symbols

    Symbol Name                              Value     Ov Type        Size  Object(Section)

    BuildAttributes$$THM_ISAv1$ARM_ISAv4$S$PE$A:L22$X:L11$S22$IEEE1$IW$USESV6$~STKCKD$USESV7$~SHL$OSPACE$ROPI$EBA8$MICROLIB$REQ8$EABIv2 0x00000000   Number         0  anon$$obj.o ABSOLUTE
    __ARM_use_no_argv                        0x00000000   Number         0  main.o ABSOLUTE
    __use_no_errno                           0x00000000   Number         0  useno.o ABSOLUTE
    __use_no_exception_handling              0x00000000   Number         0  useno.o ABSOLUTE
    __use_no_fp                              0x00000000   Number         0  useno.o ABSOLUTE
    __use_no_heap                            0x00000000   Number         0  useno.o ABSOLUTE
    __use_no_heap_region                     0x00000000   Number         0  useno.o ABSOLUTE
    __use_no_semihosting                     0x00000000   Number         0  useno.o ABSOLUTE
    __use_no_semihosting_swi                 0x00000000   Number         0  useno.o ABSOLUTE
    __use_no_signal_handling                 0x00000000   Number         0  useno.o ABSOLUTE
    _printf_a                                0x00000000   Number         0  stubs.o ABSOLUTE
    _printf_c                                0x00000000   Number         0  stubs.o ABSOLUTE
    _printf_charcount                        0x00000000   Number         0  stubs.o ABSOLUTE
    _printf_d                                0x00000000   Number         0  stubs.o ABSOLUTE
    _printf_e                                0x00000000   Number         0  stubs.o ABSOLUTE
    _printf_f                                0x00000000   Number         0  stubs.o ABSOLUTE
    _printf_flags                            0x00000000   Number         0  stubs.o ABSOLUTE
    _printf_fp_dec                           0x00000000   Number         0  stubs.o ABSOLUTE
    _printf_fp_hex                           0x00000000   Number         0  stubs.o ABSOLUTE
    _printf_g                                0x00000000   Number         0  stubs.o ABSOLUTE
    _printf_i                                0x00000000   Number         0  stubs.o ABSOLUTE
    _printf_int_dec                          0x00000000   Number         0  stubs.o ABSOLUTE
    _printf_l                                0x00000000   Number         0  stubs.o ABSOLUTE
    _printf_lc                               0x00000000   Number         0  stubs.o ABSOLUTE
    _printf_ll                               0x00000000   Number         0  stubs.o ABSOLUTE
    _printf_lld                              0x00000000   Number         0  stubs.o ABSOLUTE
    _printf_lli                              0x00000000   Number         0  stubs.o ABSOLUTE
    _printf_llo                              0x00000000   Number         0  stubs.o ABSOLUTE
    _printf_llu                              0x00000000   Number         0  stubs.o ABSOLUTE
    _printf_llx                              0x00000000   Number         0  stubs.o ABSOLUTE
    _printf_longlong_dec                     0x00000000   Number         0  stubs.o ABSOLUTE
    _printf_longlong_hex                     0x00000000   Number         0  stubs.o ABSOLUTE
    _printf_longlong_oct                     0x00000000   Number         0  stubs.o ABSOLUTE
    _printf_ls                               0x00000000   Number         0  stubs.o ABSOLUTE
    _printf_mbtowc                           0x00000000   Number         0  stubs.o ABSOLUTE
    _printf_n                                0x00000000   Number         0  stubs.o ABSOLUTE
    _printf_o                                0x00000000   Number         0  stubs.o ABSOLUTE
    _printf_p                                0x00000000   Number         0  stubs.o ABSOLUTE
    _printf_percent                          0x00000000   Number         0  stubs.o ABSOLUTE
    _printf_pre_padding                      0x00000000   Number         0  stubs.o ABSOLUTE
    _printf_return_value                     0x00000000   Number         0  stubs.o ABSOLUTE
    _printf_s                                0x00000000   Number         0  stubs.o ABSOLUTE
    _printf_sizespec                         0x00000000   Number         0  stubs.o ABSOLUTE
    _printf_str                              0x00000000   Number         0  stubs.o ABSOLUTE
    _printf_truncate_signed                  0x00000000   Number         0  stubs.o ABSOLUTE
    _printf_truncate_unsigned                0x00000000   Number         0  stubs.o ABSOLUTE
    _printf_u                                0x00000000   Number         0  stubs.o ABSOLUTE
    _printf_wc                               0x00000000   Number         0  stubs.o ABSOLUTE
    _printf_wctomb                           0x00000000   Number         0  stubs.o ABSOLUTE
    _printf_widthprec                        0x00000000   Number         0  stubs.o ABSOLUTE
    _printf_x                                0x00000000   Number         0  stubs.o ABSOLUTE
    __cpp_initialize__aeabi_                  - Undefined Weak Reference
    __cxa_finalize                            - Undefined Weak Reference
    __decompress                              - Undefined Weak Reference
    _clock_init                               - Undefined Weak Reference
    _microlib_exit                            - Undefined Weak Reference
    Reset_Handler                            0x40000058   ARM Code       0  startup.o(RESET)
    __main                                   0x40000174   ARM Code       0  entry.o(.ARM.Collect$$$$00000000)
    _main_stk                                0x40000174   ARM Code       0  entry2.o(.ARM.Collect$$$$00000001)
    _main_scatterload                        0x40000178   ARM Code       0  entry5.o(.ARM.Collect$$$$00000004)
    __main_after_scatterload                 0x4000017c   ARM Code       0  entry5.o(.ARM.Collect$$$$00000004)
    _main_clock                              0x4000017c   ARM Code       0  entry7b.o(.ARM.Collect$$$$00000008)
    _main_cpp_init                           0x4000017c   ARM Code       0  entry8b.o(.ARM.Collect$$$$0000000A)
    _main_init                               0x4000017c   ARM Code       0  entry9a.o(.ARM.Collect$$$$0000000B)
    __rt_final_cpp                           0x40000188   ARM Code       0  entry10a.o(.ARM.Collect$$$$0000000D)
    __rt_final_exit                          0x40000188   ARM Code       0  entry11a.o(.ARM.Collect$$$$0000000F)
    fputc                                    0x4000018c   ARM Code      44  retarget.o(.text)
    getch                                    0x400001b8   ARM Code      16  retarget.o(.text)
    fgetc                                    0x400001c8   ARM Code      20  retarget.o(.text)
    _ttywrch                                 0x400001dc   ARM Code      24  retarget.o(.text)
    _sys_exit                                0x400001f4   ARM Code       8  retarget.o(.text)
    lcd_write_4bit                           0x400002f0   ARM Code      84  lcd_4bit.o(.text)
    lcd_write_cmd                            0x40000344   ARM Code      48  lcd_4bit.o(.text)
    lcd_putchar                              0x400003a4   ARM Code      24  lcd_4bit.o(.text)
    lcd_init                                 0x400003bc   ARM Code     176  lcd_4bit.o(.text)
    set_cursor                               0x4000046c   ARM Code      52  lcd_4bit.o(.text)
    lcd_clear                                0x400004a0   ARM Code      32  lcd_4bit.o(.text)
    lcd_print                                0x400004c0   ARM Code      40  lcd_4bit.o(.text)
    LED_Init                                 0x400004f8   ARM Code      36  led.o(.text)
    LED_On                                   0x4000051c   ARM Code      20  led.o(.text)
    LED_Off                                  0x40000530   ARM Code      20  led.o(.text)
    LED_Out                                  0x40000544   ARM Code      24  led.o(.text)
    init_serial                              0x40000564   ARM Code      68  serial.o(.text)
    send_char                                0x400005a8   ARM Code      36  serial.o(.text)
    kbhit                                    0x400005cc   ARM Code      44  serial.o(.text)
    getkey                                   0x400005f8   ARM Code      36  serial.o(.text)
    getkey0                                  0x4000061c   ARM Code      24  serial.o(.text)
    get_char                                 0x40000634   ARM Code      36  serial.o(.text)
    uart_isr0                                0x40000658   ARM Code      56  serial.o(.text)
    uart_init_0                              0x40000690   ARM Code     120  serial.o(.text)
    ADC_IRQHandler                           0x40000718   ARM Code     108  adwheel.o(.text)
    AD_Wheel_Init                            0x40000784   ARM Code     104  adwheel.o(.text)
    T0_IRQHandler                            0x40000804   ARM Code      64  timer.o(.text)
    Timer0_Init                              0x40000844   ARM Code      60  timer.o(.text)
    T1_IRQHandler                            0x40000880   ARM Code      52  timer.o(.text)
    Timer1_Init                              0x400008b4   ARM Code      60  timer.o(.text)
    button_down                              0x40000904   ARM Code       4  button.o(.text)
    button_up                                0x40000908   ARM Code      80  button.o(.text)
    GPIO_IRQHandler                          0x40000958   ARM Code      84  button.o(.text)
    Button_Init                              0x400009ac   ARM Code     128  button.o(.text)
    QFsm_dispatch_                           0x40000a40   ARM Code     144  qfsm_dis.o(.text)
    QFsm_ctor                                0x40000adc   ARM Code      24  qfsm_ini.o(.text)
    QFsm_init_                               0x40000af4   ARM Code     144  qfsm_ini.o(.text)
    QHsm_dispatch_                           0x40000dd0   ARM Code     484  qhsm_dis.o(.text)
    QHsm_ctor                                0x40000fc8   ARM Code      24  qhsm_ini.o(.text)
    QHsm_init_                               0x40000fe0   ARM Code     332  qhsm_ini.o(.text)
    QHsm_top                                 0x40001144   ARM Code      12  qhsm_top.o(.text)
    QActive_ctor                             0x40001150   ARM Code      40  qa_ctor.o(.text)
    QActive_post_                            0x4000117c   ARM Code     260  qa_fifo.o(.text)
    QActive_get_                             0x4000128c   ARM Code     208  qa_get_.o(.text)
    QF_getQueueMin                           0x4000135c   ARM Code      80  qa_get_.o(.text)
    QActive_postLIFO_                        0x400013bc   ARM Code     204  qa_lifo.o(.text)
    QEQueue_init                             0x40001494   ARM Code      44  qeq_init.o(.text)
    QF_add_                                  0x400014c0   ARM Code      84  qf_act.o(.text)
    QF_remove_                               0x40001514   ARM Code      88  qf_act.o(.text)
    QF_bzero                                 0x4000156c   ARM Code      36  qf_act.o(.text)
    QF_gc                                    0x40001598   ARM Code     132  qf_gc.o(.text)
    QF_newX_                                 0x40001628   ARM Code     200  qf_new.o(.text)
    QF_poolInit                              0x400016fc   ARM Code     180  qf_pool.o(.text)
    QF_tickX_                                0x400017bc   ARM Code     312  qf_tick.o(.text)
    QF_noTimeEvtsActiveX                     0x400018f4   ARM Code     104  qf_tick.o(.text)
    QMPool_get                               0x40001964   ARM Code     220  qmp_get.o(.text)
    QF_getPoolMin                            0x40001a40   ARM Code      88  qmp_get.o(.text)
    QMPool_init                              0x40001aa4   ARM Code     252  qmp_init.o(.text)
    QMPool_put                               0x40001ba4   ARM Code     112  qmp_put.o(.text)
    QTimeEvt_ctorX                           0x40001c18   ARM Code      92  qte_ctor.o(.text)
    QF_init                                  0x40001c78   ARM Code      60  qvanilla.o(.text)
    QF_stop                                  0x40001cb4   ARM Code      16  qvanilla.o(.text)
    QF_run                                   0x40001cc4   ARM Code     128  qvanilla.o(.text)
    QActive_start_                           0x40001d44   ARM Code     132  qvanilla.o(.text)
    QActive_stop                             0x40001dc8   ARM Code      24  qvanilla.o(.text)
    CoffeeAO_coffeemachine                   0x40001df8   ARM Code     128  coffee.o(.text)
    CoffeeAO_submenu                         0x40001e78   ARM Code      60  coffee.o(.text)
    CoffeeAO_setBrewStrength                 0x40001eb4   ARM Code     524  coffee.o(.text)
    CoffeeAO_startBrewingNow                 0x400020c0   ARM Code     208  coffee.o(.text)
    CoffeeAO_set_clock_m2                    0x40002190   ARM Code     148  coffee.o(.text)
    CoffeeAO_set_clock_m1                    0x40002224   ARM Code      80  coffee.o(.text)
    CoffeeAO_set_clock_h2                    0x40002274   ARM Code     328  coffee.o(.text)
    CoffeeAO_set_clock_h1                    0x400023bc   ARM Code     280  coffee.o(.text)
    CoffeeAO_set_brew_m2                     0x400024d4   ARM Code      80  coffee.o(.text)
    CoffeeAO_set_brew_m1                     0x40002524   ARM Code      80  coffee.o(.text)
    CoffeeAO_set_brew_h2                     0x40002574   ARM Code      80  coffee.o(.text)
    CoffeeAO_set_brew_h1                     0x400025c4   ARM Code     148  coffee.o(.text)
    CoffeeAO_timeBrewActivatedToggle         0x40002658   ARM Code     200  coffee.o(.text)
    CoffeeAO_coffeePotToggle                 0x40002720   ARM Code     296  coffee.o(.text)
    CoffeeAO_menu                            0x40002848   ARM Code     568  coffee.o(.text)
    CoffeeAO_initial                         0x40002a80   ARM Code      80  coffee.o(.text)
    CoffeeAO_ctor                            0x40002ad0   ARM Code      56  coffee.o(.text)
    Alarm_on                                 0x40002b1c   ARM Code     300  alarm.o(.text)
    Alarm_off                                0x40002c48   ARM Code     652  alarm.o(.text)
    Alarm_initial                            0x40002ed4   ARM Code      28  alarm.o(.text)
    Alarm_ctor                               0x40002ef0   ARM Code      28  alarm.o(.text)
    main                                     0x40002f0c   ARM Code     104  main.o(.text)
    BSP_onKeyboardInput                      0x40002f74   ARM Code     700  main.o(.text)
    BSP_Init                                 0x40003230   ARM Code      56  qmbsp.o(.text)
    BSP_display                              0x40003268   ARM Code      36  qmbsp.o(.text)
    BSP_display_str                          0x4000328c   ARM Code      28  qmbsp.o(.text)
    BSP_exit                                 0x400032a8   ARM Code      28  qmbsp.o(.text)
    BSP_delay                                0x400032c4   ARM Code      24  qmbsp.o(.text)
    BSP_boom                                 0x400032dc   ARM Code      28  qmbsp.o(.text)
    BSP_LCD_display_str                      0x400032f8   ARM Code      44  qmbsp.o(.text)
    Q_onAssert                               0x40003324   ARM Code      52  qmbsp.o(.text)
    QF_onCleanup                             0x40003358   ARM Code       4  qmbsp.o(.text)
    QF_onIdle                                0x4000335c   ARM Code       4  qmbsp.o(.text)
    QF_onStartup                             0x40003360   ARM Code       4  qmbsp.o(.text)
    Inline ARM to Thumb Veneer to __aeabi_idivmod 0x400033ac   ARM Code       8  idiv.o(.text)
    __aeabi_idiv                             0x400033b5   Thumb Code     0  idiv.o(.text)
    __aeabi_idivmod                          0x400033b5   Thumb Code    44  idiv.o(.text)
    Inline ARM to Thumb Veneer to strcpy     0x400033e0   ARM Code       8  strcpy.o(.text)
    strcpy                                   0x400033e9   Thumb Code    18  strcpy.o(.text)
    __aeabi_uidiv                            0x400033fb   Thumb Code     0  uidiv.o(.text)
    __aeabi_uidivmod                         0x400033fb   Thumb Code    46  uidiv.o(.text)
    __aeabi_uldivmod                         0x40003429   Thumb Code   104  uldiv.o(.text)
    Inline ARM to Thumb Veneer to __scatterload 0x40003490   ARM Code       8  init.o(.text)
    __scatterload                            0x40003499   Thumb Code    24  init.o(.text)
    __scatterload_rt2                        0x40003499   Thumb Code     0  init.o(.text)
    __aeabi_llsl                             0x400034b9   Thumb Code    34  llshl.o(.text)
    _ll_shift_l                              0x400034b9   Thumb Code     0  llshl.o(.text)
    __aeabi_llsr                             0x400034db   Thumb Code    36  llushr.o(.text)
    _ll_ushift_r                             0x400034db   Thumb Code     0  llushr.o(.text)
    T_SWI_Handler                            0x40003500   ARM Code       0  swi_interrup.o(SWI_Area)
    disable_irq                              0x4000353c   ARM Code       0  swi_interrup.o(SWI_Area)
    enable_irq                               0x40003550   ARM Code       0  swi_interrup.o(SWI_Area)
    Short Thumb to ARM Veneer to __main_after_scatterload 0x40003565   Thumb Code     8  anon$$obj.o(Veneer$$Code)
    Inline ARM to Thumb Veneer to __2printf  0x4000356c   ARM Code       8  printf8.o(i.__0printf$8)
    __0printf$8                              0x40003575   Thumb Code    24  printf8.o(i.__0printf$8)
    __1printf$8                              0x40003575   Thumb Code     0  printf8.o(i.__0printf$8)
    __2printf                                0x40003575   Thumb Code     0  printf8.o(i.__0printf$8)
    Inline ARM to Thumb Veneer to __2sprintf 0x40003594   ARM Code       8  printf8.o(i.__0sprintf$8)
    __0sprintf$8                             0x4000359d   Thumb Code    36  printf8.o(i.__0sprintf$8)
    __1sprintf$8                             0x4000359d   Thumb Code     0  printf8.o(i.__0sprintf$8)
    __2sprintf                               0x4000359d   Thumb Code     0  printf8.o(i.__0sprintf$8)
    __ARM_common_call_via_r2                 0x400035c5   Thumb Code     2  printf1.o(i.__ARM_common_call_via_r2)
    __ARM_common_call_via_r3                 0x400035c7   Thumb Code     2  init.o(i.__ARM_common_call_via_r3)
    __ARM_common_call_via_r6                 0x400035c9   Thumb Code     2  printfb.o(i.__ARM_common_call_via_r6)
    __scatterload_copy                       0x400035cc   ARM Code      28  handlers.o(i.__scatterload_copy)
    __scatterload_null                       0x400035e8   ARM Code       4  handlers.o(i.__scatterload_null)
    __scatterload_zeroinit                   0x400035ec   ARM Code      24  handlers.o(i.__scatterload_zeroinit)
    UserFont                                 0x40003aa6   Data          64  lcd_4bit.o(.constdata)
    QEP_reservedEvt_                         0x40003ae6   Data          16  qep.o(.constdata)
    QF_log2Lkup                              0x40003b6d   Data         256  qf_log2.o(.constdata)
    QF_pwr2Lkup                              0x40003c7c   Data          65  qf_pwr2.o(.constdata)
    QF_invPwr2Lkup                           0x40003cbd   Data          65  qf_pwr2.o(.constdata)
    QF_div8Lkup                              0x40003cfe   Data          65  qf_pwr2.o(.constdata)
    Region$$Table$$Base                      0x40003e84   Number         0  anon$$obj.o(Region$$Table)
    Region$$Table$$Limit                     0x40003ea4   Number         0  anon$$obj.o(Region$$Table)
    __stdout                                 0x40004000   Data           4  retarget.o(.data)
    __stdin                                  0x40004004   Data           4  retarget.o(.data)
    __stderr                                 0x40004008   Data           4  retarget.o(.data)
    QF_maxPool_                              0x40004020   Data           4  qf_pool.o(.data)
    QF_readySet_                             0x40004024   Data           4  qvanilla.o(.data)
    me1s                                     0x40004028   Data          14  coffee.o(.data)
    me2s                                     0x40004036   Data          10  coffee.o(.data)
    me3s                                     0x40004040   Data          15  coffee.o(.data)
    me4s                                     0x4000404f   Data          16  coffee.o(.data)
    me5s                                     0x4000405f   Data          14  coffee.o(.data)
    me6s                                     0x4000406d   Data          17  coffee.o(.data)
    APP_alarmClock                           0x400040c8   Data           4  main.o(.data)
    QF_active_                               0x400040cc   Data          36  qf_act.o(.bss)
    QF_pool_                                 0x400040f0   Data          60  qf_pool.o(.bss)
    QF_timeEvtHead_                          0x4000412c   Data          32  qf_tick.o(.bss)
    l_CoffeeAO                               0x4000419c   Data          92  main.o(.bss)
    __initial_sp                             0x400045f8   Data         264  startup.o(STACK)



==============================================================================

Memory Map of the image

  Image Entry point : 0x40000000

  Load Region LR_IROM1 (Base: 0x40000000, Size: 0x00003f70, Max: 0x00003fff, ABSOLUTE)

    Execution Region ER_IROM1 (Base: 0x40000000, Size: 0x00003ea4, Max: 0x00003fff, ABSOLUTE)

    Base Addr    Size         Type   Attr      Idx    E Section Name        Object

    0x40000000   0x00000174   Code   RO           27  * RESET               startup.o
    0x40000174   0x00000000   Code   RO          892  * .ARM.Collect$$$$00000000  mc_t.l(entry.o)
    0x40000174   0x00000004   Code   RO         1166    .ARM.Collect$$$$00000001  mc_t.l(entry2.o)
    0x40000178   0x00000004   Code   RO         1168    .ARM.Collect$$$$00000004  mc_t.l(entry5.o)
    0x4000017c   0x00000000   Code   RO         1170    .ARM.Collect$$$$00000008  mc_t.l(entry7b.o)
    0x4000017c   0x00000000   Code   RO         1172    .ARM.Collect$$$$0000000A  mc_t.l(entry8b.o)
    0x4000017c   0x0000000c   Code   RO         1173    .ARM.Collect$$$$0000000B  mc_t.l(entry9a.o)
    0x40000188   0x00000000   Code   RO         1175    .ARM.Collect$$$$0000000D  mc_t.l(entry10a.o)
    0x40000188   0x00000000   Code   RO         1177    .ARM.Collect$$$$0000000F  mc_t.l(entry11a.o)
    0x40000188   0x00000004   Code   RO         1167    .ARM.Collect$$$$00002712  mc_t.l(entry2.o)
    0x4000018c   0x00000070   Code   RO            1    .text               retarget.o
    0x400001fc   0x000002fc   Code   RO           34    .text               lcd_4bit.o
    0x400004f8   0x0000006c   Code   RO           52    .text               led.o
    0x40000564   0x000001b4   Code   RO           68    .text               serial.o
    0x40000718   0x000000ec   Code   RO           82    .text               adwheel.o
    0x40000804   0x00000100   Code   RO          154    .text               timer.o
    0x40000904   0x0000013c   Code   RO          166    .text               button.o
    0x40000a40   0x0000009c   Code   RO          221    .text               qfsm_dis.o
    0x40000adc   0x000000b4   Code   RO          239    .text               qfsm_ini.o
    0x40000b90   0x00000438   Code   RO          253    .text               qhsm_dis.o
    0x40000fc8   0x0000017c   Code   RO          281    .text               qhsm_ini.o
    0x40001144   0x0000000c   Code   RO          295    .text               qhsm_top.o
    0x40001150   0x0000002c   Code   RO          347    .text               qa_ctor.o
    0x4000117c   0x00000110   Code   RO          382    .text               qa_fifo.o
    0x4000128c   0x00000130   Code   RO          396    .text               qa_get_.o
    0x400013bc   0x000000d8   Code   RO          410    .text               qa_lifo.o
    0x40001494   0x0000002c   Code   RO          494    .text               qeq_init.o
    0x400014c0   0x000000d8   Code   RO          520    .text               qf_act.o
    0x40001598   0x00000090   Code   RO          544    .text               qf_gc.o
    0x40001628   0x000000d4   Code   RO          571    .text               qf_new.o
    0x400016fc   0x000000c0   Code   RO          585    .text               qf_pool.o
    0x400017bc   0x000001a8   Code   RO          656    .text               qf_tick.o
    0x40001964   0x00000140   Code   RO          689    .text               qmp_get.o
    0x40001aa4   0x00000100   Code   RO          703    .text               qmp_init.o
    0x40001ba4   0x00000074   Code   RO          717    .text               qmp_put.o
    0x40001c18   0x00000060   Code   RO          745    .text               qte_ctor.o
    0x40001c78   0x00000180   Code   RO          797    .text               qvanilla.o
    0x40001df8   0x00000d24   Code   RO          816    .text               coffee.o
    0x40002b1c   0x000003f0   Code   RO          839    .text               alarm.o
    0x40002f0c   0x00000324   Code   RO          851    .text               main.o
    0x40003230   0x0000017c   Code   RO          874    .text               qmbsp.o
    0x400033ac   0x00000008   Ven    RO          897    .text               mc_t.l(idiv.o)
    0x400033b4   0x0000002c   Code   RO          897    .text               mc_t.l(idiv.o)
    0x400033e0   0x00000008   Ven    RO          899    .text               mc_t.l(strcpy.o)
    0x400033e8   0x00000012   Code   RO          899    .text               mc_t.l(strcpy.o)
    0x400033fa   0x0000002e   Code   RO         1179    .text               mc_t.l(uidiv.o)
    0x40003428   0x00000068   Code   RO         1181    .text               mc_t.l(uldiv.o)
    0x40003490   0x00000008   Ven    RO         1194    .text               mc_t.l(init.o)
    0x40003498   0x00000020   Code   RO         1194    .text               mc_t.l(init.o)
    0x400034b8   0x00000022   Code   RO         1198    .text               mc_t.l(llshl.o)
    0x400034da   0x00000024   Code   RO         1200    .text               mc_t.l(llushr.o)
    0x400034fe   0x00000002   PAD
    0x40003500   0x00000064   Code   RO           31    SWI_Area            swi_interrup.o
    0x40003564   0x00000008   Ven    RO         1221    Veneer$$Code        anon$$obj.o
    0x4000356c   0x00000008   Ven    RO         1112    i.__0printf$8       mc_t.l(printf8.o)
    0x40003574   0x00000020   Code   RO         1112    i.__0printf$8       mc_t.l(printf8.o)
    0x40003594   0x00000008   Ven    RO         1114    i.__0sprintf$8      mc_t.l(printf8.o)
    0x4000359c   0x00000028   Code   RO         1114    i.__0sprintf$8      mc_t.l(printf8.o)
    0x400035c4   0x00000002   Code   RO          969    i.__ARM_common_call_via_r2  mc_t.l(printf1.o)
    0x400035c6   0x00000002   Code   RO         1196    i.__ARM_common_call_via_r3  mc_t.l(init.o)
    0x400035c8   0x00000002   Code   RO          923    i.__ARM_common_call_via_r6  mc_t.l(printfb.o)
    0x400035ca   0x00000002   PAD
    0x400035cc   0x0000001c   Code   RO         1210    i.__scatterload_copy  mc_t.l(handlers.o)
    0x400035e8   0x00000004   Code   RO         1211    i.__scatterload_null  mc_t.l(handlers.o)
    0x400035ec   0x00000018   Code   RO         1212    i.__scatterload_zeroinit  mc_t.l(handlers.o)
    0x40003604   0x00000440   Code   RO         1119    i._printf_core      mc_t.l(printf8.o)
    0x40003a44   0x00000026   Code   RO         1120    i._printf_post_padding  mc_t.l(printf8.o)
    0x40003a6a   0x00000032   Code   RO         1121    i._printf_pre_padding  mc_t.l(printf8.o)
    0x40003a9c   0x0000000a   Code   RO         1123    i._sputc            mc_t.l(printf8.o)
    0x40003aa6   0x00000040   Data   RO           35    .constdata          lcd_4bit.o
    0x40003ae6   0x00000010   Data   RO          209    .constdata          qep.o
    0x40003af6   0x00000009   Data   RO          222    .constdata          qfsm_dis.o
    0x40003aff   0x00000001   PAD
    0x40003b00   0x00000014   Data   RO          240    .constdata          qfsm_ini.o
    0x40003b14   0x00000009   Data   RO          254    .constdata          qhsm_dis.o
    0x40003b1d   0x00000003   PAD
    0x40003b20   0x00000014   Data   RO          282    .constdata          qhsm_ini.o
    0x40003b34   0x00000014   Data   RO          348    .constdata          qa_ctor.o
    0x40003b48   0x00000008   Data   RO          383    .constdata          qa_fifo.o
    0x40003b50   0x00000008   Data   RO          397    .constdata          qa_get_.o
    0x40003b58   0x00000008   Data   RO          411    .constdata          qa_lifo.o
    0x40003b60   0x00000007   Data   RO          522    .constdata          qf_act.o
    0x40003b67   0x00000006   Data   RO          545    .constdata          qf_gc.o
    0x40003b6d   0x00000100   Data   RO          558    .constdata          qf_log2.o
    0x40003c6d   0x00000007   Data   RO          572    .constdata          qf_new.o
    0x40003c74   0x00000008   Data   RO          587    .constdata          qf_pool.o
    0x40003c7c   0x000000c3   Data   RO          639    .constdata          qf_pwr2.o
    0x40003d3f   0x00000008   Data   RO          658    .constdata          qf_tick.o
    0x40003d47   0x00000008   Data   RO          690    .constdata          qmp_get.o
    0x40003d4f   0x00000009   Data   RO          704    .constdata          qmp_init.o
    0x40003d58   0x00000008   Data   RO          718    .constdata          qmp_put.o
    0x40003d60   0x00000009   Data   RO          746    .constdata          qte_ctor.o
    0x40003d69   0x00000009   Data   RO          798    .constdata          qvanilla.o
    0x40003d72   0x00000002   PAD
    0x40003d74   0x0000010d   Data   RO          853    .conststring        main.o
    0x40003e81   0x00000003   PAD
    0x40003e84   0x00000020   Data   RO         1208    Region$$Table       anon$$obj.o


    Execution Region RW_IRAM1 (Base: 0x40004000, Size: 0x00000700, Max: 0x00003fff, ABSOLUTE)

    Base Addr    Size         Type   Attr      Idx    E Section Name        Object

    0x40004000   0x0000000c   Data   RW            2    .data               retarget.o
    0x4000400c   0x00000008   Data   RW           69    .data               serial.o
    0x40004014   0x00000006   Data   RW           83    .data               adwheel.o
    0x4000401a   0x00000004   Data   RW          167    .data               button.o
    0x4000401e   0x00000002   PAD
    0x40004020   0x00000004   Data   RW          588    .data               qf_pool.o
    0x40004024   0x00000004   Data   RW          799    .data               qvanilla.o
    0x40004028   0x000000a0   Data   RW          817    .data               coffee.o
    0x400040c8   0x00000004   Data   RW          854    .data               main.o
    0x400040cc   0x00000024   Zero   RW          521    .bss                qf_act.o
    0x400040f0   0x0000003c   Zero   RW          586    .bss                qf_pool.o
    0x4000412c   0x00000020   Zero   RW          657    .bss                qf_tick.o
    0x4000414c   0x000000ac   Zero   RW          852    .bss                main.o
    0x400041f8   0x00000508   Zero   RW           25    STACK               startup.o


==============================================================================

Image component sizes


      Code (inc. data)   RO Data    RW Data    ZI Data      Debug   Object Name

       236         24          0          6          0      15188   adwheel.o
      1008        180          0          0          0       1978   alarm.o
       316         20          0          4          0       1220   button.o
      3364        332          0        160          0      10189   coffee.o
       764         16         64          0          0       3502   lcd_4bit.o
       108          8          0          0          0        818   led.o
       804         20        269          4        172       3723   main.o
        44          4         20          0          0       1119   qa_ctor.o
         0          0          0          0          0        956   qa_defer.o
       272         12          8          0          0       1744   qa_fifo.o
       304         16          8          0          0       1854   qa_get_.o
       216         12          8          0          0       1644   qa_lifo.o
         0          0         16          0          0        819   qep.o
        44          0          0          0          0       1195   qeq_init.o
       216          8          7          0         36       4168   qf_act.o
       144         12          6          0          0       1548   qf_gc.o
         0          0        256          0          0        746   qf_log2.o
       212         12          7          0          0       1703   qf_new.o
       192         12          8          4         60       1721   qf_pool.o
         0          0        195          0          0        933   qf_pwr2.o
       424          8          8          0         32       2115   qf_tick.o
       156         12          9          0          0       1617   qfsm_dis.o
       180         12         20          0          0       1807   qfsm_ini.o
      1080         20          9          0          0       2405   qhsm_dis.o
       380         24         20          0          0       2019   qhsm_ini.o
        12          0          0          0          0        627   qhsm_top.o
       380         72          0          0          0       2058   qmbsp.o
       320         12          8          0          0       1975   qmp_get.o
       256          4          9          0          0       1798   qmp_init.o
       116          4          8          0          0       1581   qmp_put.o
        96          4          9          0          0       1641   qte_ctor.o
       384         24          9          4          0       2536   qvanilla.o
       112          0          0         12          0       4357   retarget.o
       436         16          0          8          0       1748   serial.o
       372         52          0          0       1288        372   startup.o
       100          0          0          0          0        272   swi_interrup.o
       256         20          0          0          0        894   timer.o

    ----------------------------------------------------------------------
     13312        972       1022        204       1588      86590   Object Totals
         8          0         32          0          0          0   (incl. Generated)
         0          0          9          2          0          0   (incl. Padding)

    ----------------------------------------------------------------------

      Code (inc. data)   RO Data    RW Data    ZI Data      Debug   Library Member Name

         0          0          0          0          0          0   entry.o
         0          0          0          0          0          0   entry10a.o
         0          0          0          0          0          0   entry11a.o
         8          4          0          0          0          0   entry2.o
         4          0          0          0          0          0   entry5.o
         0          0          0          0          0          0   entry7b.o
         0          0          0          0          0          0   entry8b.o
        12          4          0          0          0          0   entry9a.o
        56          0          0          0          0          0   handlers.o
        52          0          0          0          0         84   idiv.o
        42          8          0          0          0        136   init.o
        34          0          0          0          0         72   llshl.o
        36          0          0          0          0         72   llushr.o
         2          0          0          0          0         60   printf1.o
      1274         56          0          0          0        504   printf8.o
         2          0          0          0          0         60   printfb.o
        26          0          0          0          0         60   strcpy.o
        46          0          0          0          0         72   uidiv.o
       104          0          0          0          0         96   uldiv.o

    ----------------------------------------------------------------------
      1702         72          0          0          0       1216   Library Totals
         4          0          0          0          0          0   (incl. Padding)

    ----------------------------------------------------------------------

      Code (inc. data)   RO Data    RW Data    ZI Data      Debug   Library Name

      1698         72          0          0          0       1216   mc_t.l

    ----------------------------------------------------------------------
      1702         72          0          0          0       1216   Library Totals

    ----------------------------------------------------------------------

==============================================================================


      Code (inc. data)   RO Data    RW Data    ZI Data      Debug   

     15014       1044       1022        204       1588      85350   Grand Totals
     15014       1044       1022        204       1588      85350   ELF Image Totals
     15014       1044       1022        204          0          0   ROM Totals

==============================================================================

    Total RO  Size (Code + RO Data)                16036 (  15.66kB)
    Total RW  Size (RW Data + ZI Data)              1792 (   1.75kB)
    Total ROM Size (Code + RO Data + RW Data)      16240 (  15.86kB)

==============================================================================

