<html>
<body>
<pre>
<h1>µVision Build Log</h1>
<h2>Project:</h2>
D:\GSTS\Projects\Seminars\EDS-SS15\ARM\ARM7\MCB2300\coffee\comp.uvproj
Project File Date:  07/02/2015

<h2>Output:</h2>
Rebuild target 'CoffeeAO'
compiling Retarget.c...
assembling startup.s...
assembling swi_interrup.s...
compiling LCD_4bit.c...
compiling led.c...
compiling Serial.c...
compiling adwheel.c...
compiling timer.c...
compiling button.c...
compiling lc2378rtc.c...
compiling qep.c...
compiling qfsm_dis.c...
compiling qfsm_ini.c...
compiling qhsm_dis.c...
compiling qhsm_in.c...
compiling qhsm_ini.c...
compiling qhsm_top.c...
compiling qmsm_dis.c...
compiling qmsm_in.c...
compiling qmsm_ini.c...
compiling qa_ctor.c...
compiling qa_defer.c...
compiling qa_fifo.c...
compiling qa_get_.c...
compiling qa_lifo.c...
compiling qa_sub.c...
compiling qa_usub.c...
compiling qa_usuba.c...
compiling qeq_fifo.c...
compiling qeq_get.c...
compiling qeq_init.c...
compiling qeq_lifo.c...
compiling qf_act.c...
compiling qf_gc.c...
compiling qf_log2.c...
compiling qf_new.c...
compiling qf_pool.c...
compiling qf_psini.c...
compiling qf_pspub.c...
compiling qf_pwr2.c...
compiling qf_tick.c...
compiling qma_ctor.c...
compiling qmp_get.c...
compiling qmp_init.c...
compiling qmp_put.c...
compiling qte_arm.c...
compiling qte_ctor.c...
compiling qte_ctr.c...
compiling qte_darm.c...
compiling qte_rarm.c...
compiling qvanilla.c...
compiling coffee.c...
src\coffee\coffee.c(101): warning:  #223-D: function "lcd_clear" declared implicitly
              lcd_clear();
src\coffee\coffee.c(102): warning:  #223-D: function "set_cursor" declared implicitly
              set_cursor(0, 0);
src\coffee\coffee.c(105): warning:  #223-D: function "strcpy" declared implicitly
                  strcpy(menu_text, menu_entry->menu_label);
src\coffee\coffee.c(108): warning:  #167-D: argument of type "const unsigned char *" is incompatible with parameter of type "const char *restrict"
                  sprintf(menu_text, menu_entry->menu_label, l_CoffeeAO.current_brew_strength + 1);
src\coffee\coffee.c(111): warning:  #167-D: argument of type "const unsigned char *" is incompatible with parameter of type "const char *restrict"
                  sprintf(menu_text, menu_entry->menu_label, l_CoffeeAO.is_coffee_pot_in_machine);
src\coffee\coffee.c(114): warning:  #167-D: argument of type "const unsigned char *" is incompatible with parameter of type "const char *restrict"
                  sprintf(menu_text, menu_entry->menu_label, l_CoffeeAO.is_automatic_brew_active);
src\coffee\coffee.c(117): warning:  #223-D: function "lcd_print" declared implicitly
              lcd_print(menu_text);
src\coffee\coffee.c(191): warning:  #223-D: function "lcd_clear" declared implicitly
              lcd_clear();
src\coffee\coffee.c(192): warning:  #223-D: function "set_cursor" declared implicitly
              set_cursor(0, 0);
src\coffee\coffee.c(193): warning:  #223-D: function "lcd_print" declared implicitly
              lcd_print("Use AD-Wheel");
src\coffee\coffee.c(213): warning:  #223-D: function "LED_On" declared implicitly
                      LED_On(i);
src\coffee\coffee.c(215): warning:  #223-D: function "LED_Off" declared implicitly
                      LED_Off(i);
src\coffee\coffee.c(289): warning:  #223-D: function "lcd_clear" declared implicitly
              lcd_clear();
src\coffee\coffee.c(290): warning:  #223-D: function "set_cursor" declared implicitly
              set_cursor(0, 0);
src\coffee\coffee.c(291): warning:  #223-D: function "lcd_print" declared implicitly
              lcd_print("!set brew time clock!");
src\coffee\coffee.c(318): warning:  #223-D: function "lcd_clear" declared implicitly
              lcd_clear();
src\coffee\coffee.c(330): warning:  #223-D: function "set_cursor" declared implicitly
              set_cursor(0, 0);
src\coffee\coffee.c(331): warning:  #223-D: function "lcd_print" declared implicitly
              lcd_print(clock_message);
src\coffee\coffee.c(355): warning:  #223-D: function "lcd_clear" declared implicitly
              lcd_clear();
src\coffee\coffee.c(372): warning:  #223-D: function "set_cursor" declared implicitly
              set_cursor(0, 0);
src\coffee\coffee.c(373): warning:  #223-D: function "lcd_print" declared implicitly
              lcd_print(clock_message);
src\coffee\coffee.c: 21 warnings, 0 errors
compiling alarm.c...
compiling main.c...
src\coffee\main.c(5): warning:  #177-D: variable "l_alarmClockQSto" was declared but never referenced
  static QEvent const *l_alarmClockQSto[10];  /* queue storage for AlarmClock */
src\coffee\main.c: 1 warning, 0 errors
compiling qmbsp.c...
src\qmbsp.c(17): warning:  #223-D: function "Timer0_Init" declared implicitly
        Timer0_Init();
src\qmbsp.c(18): warning:  #223-D: function "Timer1_Init" declared implicitly
        Timer1_Init();
src\qmbsp.c(19): warning:  #223-D: function "AD_Wheel_Init" declared implicitly
        AD_Wheel_Init();
src\qmbsp.c(20): warning:  #223-D: function "Button_Init" declared implicitly
        Button_Init();
src\qmbsp.c(21): warning:  #223-D: function "LED_Init" declared implicitly
        LED_Init();
src\qmbsp.c: 5 warnings, 0 errors
linking...
Program Size: Code=15014 RO-data=1022 RW-data=204 ZI-data=1588  
".\obj\comp.axf" - 0 Error(s), 27 Warning(s).
larm_time
src\coffee\alarm.c(75): error:  #32: expression must have arithmetic type
                                 me->alarm_time/100, me->alarm_time%100);
src\coffee\alarm.c(75): error:  #31: expression must have integral type
                                 me->alarm_time/100, me->alarm_time%100);
src\coffee\alarm.c(94): error:  #32: expression must have arithmetic type
                                 me->alarm_time/60, me->alarm_time%60);
src\coffee\alarm.c(94): error:  #31: expression must have integral type
                                 me->alarm_time/60, me->alarm_time%60);
src\coffee\alarm.c(114): error:  #32: expression must have arithmetic type
              if (((TimeEvt *)e)->current_time == me->alarm_time) {
src\coffee\alarm.c: 0 warnings, 18 errors
compiling main.c...
src\coffee\coffee.h(53): error:  #20: identifier "TimeOfDay" is undefined
      TimeOfDay time_of_day;
src\coffee\main.c(5): warning:  #177-D: variable "l_alarmClockQSto" was declared but never referenced
  static QEvent const *l_alarmClockQSto[10];  /* queue storage for AlarmClock */
src\coffee\main.c: 1 warning, 1 error
".\obj\comp.axf" - 23 Error(s), 19 Warning(s).
Target not created
ed
      TimeOfDay time_of_day;
src\coffee\main.c(5): warning:  #177-D: variable "l_alarmClockQSto" was declared but never referenced
  static QEvent const *l_alarmClockQSto[10];  /* queue storage for AlarmClock */
src\coffee\main.c: 1 warning, 1 error
".\obj\comp.axf" - 25 Error(s), 19 Warning(s).
Target not created
ctive *)&l_CoffeeAO, Q_NEW(QEvent, GO_BACK_SIG));
src\coffee\coffee.c(224): error:  #31: expression must have integral type
              QActive_postFIFO((QActive *)&l_CoffeeAO, Q_NEW(QEvent, GO_BACK_SIG));
src\coffee\coffee.c(224): error:  #29: expected an expression
              QActive_postFIFO((QActive *)&l_CoffeeAO, Q_NEW(QEvent, GO_BACK_SIG));
src\coffee\coffee.c(224): error:  #32: expression must have arithmetic type
              QActive_postFIFO((QActive *)&l_CoffeeAO, Q_NEW(QEvent, GO_BACK_SIG));
src\coffee\coffee.c(224): error:  #31: expression must have integral type
              QActive_postFIFO((QActive *)&l_CoffeeAO, Q_NEW(QEvent, GO_BACK_SIG));
src\coffee\coffee.c(241): error:  #29: expected an expression
              QActive_postFIFO((QActive *)&l_CoffeeAO, Q_NEW(QEvent, BREW_SIG));
src\coffee\coffee.c(241): error:  #32: expression must have arithmetic type
              QActive_postFIFO((QActive *)&l_CoffeeAO, Q_NEW(QEvent, BREW_SIG));
src\coffee\coffee.c(241): error:  #31: expression must have integral type
              QActive_postFIFO((QActive *)&l_CoffeeAO, Q_NEW(QEvent, BREW_SIG));
src\coffee\coffee.c(241): error:  #29: expected an expression
              QActive_postFIFO((QActive *)&l_CoffeeAO, Q_NEW(QEvent, BREW_SIG));
src\coffee\coffee.c(241): error:  #32: expression must have arithmetic type
              QActive_postFIFO((QActive *)&l_CoffeeAO, Q_NEW(QEvent, BREW_SIG));
src\coffee\coffee.c(241): error:  #31: expression must have integral type
              QActive_postFIFO((QActive *)&l_CoffeeAO, Q_NEW(QEvent, BREW_SIG));
src\coffee\coffee.c(242): error:  #29: expected an expression
              QActive_postFIFO((QActive *)&l_CoffeeAO, Q_NEW(QEvent, GO_BACK_SIG));
src\coffee\coffee.c(242): error:  #32: expression must have arithmetic type
              QActive_postFIFO((QActive *)&l_CoffeeAO, Q_NEW(QEvent, GO_BACK_SIG));
src\coffee\coffee.c(242): error:  #31: expression must have integral type
              QActive_postFIFO((QActive *)&l_CoffeeAO, Q_NEW(QEvent, GO_BACK_SIG));
src\coffee\coffee.c(242): error:  #29: expected an expression
              QActive_postFIFO((QActive *)&l_CoffeeAO, Q_NEW(QEvent, GO_BACK_SIG));
src\coffee\coffee.c(242): error:  #32: expression must have arithmetic type
              QActive_postFIFO((QActive *)&l_CoffeeAO, Q_NEW(QEvent, GO_BACK_SIG));
src\coffee\coffee.c(242): error:  #31: expression must have integral type
              QActive_postFIFO((QActive *)&l_CoffeeAO, Q_NEW(QEvent, GO_BACK_SIG));
src\coffee\coffee.c: 12 warnings, 30 errors
compiling alarm.c...
src\coffee\alarm.h(52): error:  #101: "QActive" has already been declared in the current scope
  extern QActive *APP_alarmClock;
src\coffee\alarm.h(52): error:  #65: expected a ";"
  extern QActive *APP_alarmClock;
src\coffee\alarm.h(87): error:  #20: identifier "HourAndMinute" is undefined
      HourAndMinute alarm_time;
src\coffee\alarm.h(88): error:  #20: identifier "HourAndMinute" is undefined
      HourAndMinute current_time;
src\coffee\alarm.c(117): error:  #20: identifier "APP_alarmClock" is undefined
                  QActive_postFIFO(APP_alarmClock, Q_NEW(QEvent, ALARM_SIG));
src\coffee\alarm.c: 0 warnings, 5 errors
compiling main.c...
src\coffee\alarm.h(52): error:  #101: "QActive" has already been declared in the current scope
  extern QActive *APP_alarmClock;
src\coffee\alarm.h(52): error:  #65: expected a ";"
  extern QActive *APP_alarmClock;
src\coffee\alarm.h(87): error:  #20: identifier "HourAndMinute" is undefined
      HourAndMinute alarm_time;
src\coffee\alarm.h(88): error:  #20: identifier "HourAndMinute" is undefined
      HourAndMinute current_time;
src\coffee\coffee.h(42): error:  #757: variable "QActive" is not a type name
      QActive super;
src\coffee\coffee.h(53): error:  #20: identifier "TimeOfDay" is undefined
      TimeOfDay time_of_day;
src\coffee\main.c(10): error:  #757: variable "QActive" is not a type name
  QActive *APP_alarmClock= (QActive *)&l_CoffeeAO;/*AlarmClock container AO */
src\coffee\main.c(10): error:  #29: expected an expression
  QActive *APP_alarmClock= (QActive *)&l_CoffeeAO;/*AlarmClock container AO */
src\coffee\main.c(10): error:  #28: expression must have a constant value
  QActive *APP_alarmClock= (QActive *)&l_CoffeeAO;/*AlarmClock container AO */
src\coffee\main.c(10): error:  #28: expression must have a constant value
  QActive *APP_alarmClock= (QActive *)&l_CoffeeAO;/*AlarmClock container AO */
src\coffee\main.c(41): error:  #29: expected an expression
                QActive_start((QActive *)&l_CoffeeAO, 1,
src\coffee\main.c(41): error:  #32: expression must have arithmetic type
                QActive_start((QActive *)&l_CoffeeAO, 1,
src\coffee\main.c(41): error:  #31: expression must have integral type
                QActive_start((QActive *)&l_CoffeeAO, 1,
src\coffee\main.c(52): error:  #29: expected an expression
              QActive_postFIFO((QActive *)&l_CoffeeAO,
src\coffee\main.c(52): error:  #32: expression must have arithmetic type
              QActive_postFIFO((QActive *)&l_CoffeeAO,
src\coffee\main.c(52): error:  #31: expression must have integral type
              QActive_postFIFO((QActive *)&l_CoffeeAO,
src\coffee\main.c(52): error:  #29: expected an expression
              QActive_postFIFO((QActive *)&l_CoffeeAO,
src\coffee\main.c(52): error:  #32: expression must have arithmetic type
              QActive_postFIFO((QActive *)&l_CoffeeAO,
src\coffee\main.c(52): error:  #31: expression must have integral type
              QActive_postFIFO((QActive *)&l_CoffeeAO,
src\coffee\main.c(54): error:  #29: expected an expression
                                          QActive_postFIFO((QActive *)&l_CoffeeAO,
src\coffee\main.c(54): error:  #32: expression must have arithmetic type
                                          QActive_postFIFO((QActive *)&l_CoffeeAO,
src\coffee\main.c(54): error:  #31: expression must have integral type
                                          QActive_postFIFO((QActive *)&l_CoffeeAO,
src\coffee\main.c(54): error:  #29: expected an expression
                                          QActive_postFIFO((QActive *)&l_CoffeeAO,
src\coffee\main.c(54): error:  #32: expression must have arithmetic type
                                          QActive_postFIFO((QActive *)&l_CoffeeAO,
src\coffee\main.c(54): error:  #31: expression must have integral type
                                          QActive_postFIFO((QActive *)&l_CoffeeAO,
src\coffee\main.c(59): error:  #29: expected an expression
              QActive_postFIFO((QActive *)&l_CoffeeAO,
src\coffee\main.c(59): error:  #32: expression must have arithmetic type
              QActive_postFIFO((QActive *)&l_CoffeeAO,
src\coffee\main.c(59): error:  #31: expression must have integral type
              QActive_postFIFO((QActive *)&l_CoffeeAO,
src\coffee\main.c(59): error:  #29: expected an expression
              QActive_postFIFO((QActive *)&l_CoffeeAO,
src\coffee\main.c(59): error:  #32: expression must have arithmetic type
              QActive_postFIFO((QActive *)&l_CoffeeAO,
src\coffee\main.c: 0 warnings, 30 errors
".\obj\comp.axf" - 89 Error(s), 12 Warning(s).
Target not created
